-- ============================================================================
-- FORMUNAUTS MONITORING SCRIPT
-- Dostosowany do pg_stat_statements 1.4
-- ============================================================================
\echo '============================================================================'
============================================================================
\echo 'PART 1: PREPARATION - CHECKING EXTENSIONS'
PART 1: PREPARATION - CHECKING EXTENSIONS
\echo '============================================================================'
============================================================================
-- 1.1. Check installed extensions
SELECT 
    extname AS extension_name,
    extversion AS version,
    nspname AS schema
FROM pg_extension e
JOIN pg_namespace n ON e.extnamespace = n.oid
ORDER BY extname;
   extension_name   | version |   schema   
--------------------+---------+------------
 pg_stat_statements | 1.4     | public
 pg_trgm            | 1.6     | public
 pgcrypto           | 1.3     | public
 plpgsql            | 1.0     | pg_catalog
 postgis            | 3.4.0   | public
 postgis_raster     | 3.4.0   | public
(6 rows)

\echo '============================================================================'
============================================================================
\echo 'PART 2: SQL QUERY OPTIMIZATION'
PART 2: SQL QUERY OPTIMIZATION
\echo '============================================================================'
============================================================================
-- 2.1. TOP 20 slowest queries (by average execution time)
\echo '-- 2.1. TOP 20 slowest queries'
-- 2.1. TOP 20 slowest queries
SELECT 
    queryid,
    LEFT(query, 100) AS query_preview,
    calls,
    ROUND(total_time::numeric, 2) AS total_time_ms,
    ROUND(mean_time::numeric, 2) AS avg_time_ms,
    ROUND(min_time::numeric, 2) AS min_time_ms,
    ROUND(max_time::numeric, 2) AS max_time_ms,
    ROUND(stddev_time::numeric, 2) AS stddev_time_ms,
    rows,
    ROUND((100.0 * shared_blks_hit / NULLIF(shared_blks_hit + shared_blks_read, 0))::numeric, 2) AS cache_hit_ratio,
    shared_blks_read,
    shared_blks_hit,
    shared_blks_dirtied,
    shared_blks_written,
    temp_blks_read,
    temp_blks_written
FROM pg_stat_statements
WHERE query NOT LIKE '%pg_stat_statements%'
    AND query NOT LIKE 'DEALLOCATE%'
ORDER BY mean_time DESC
LIMIT 20;
 queryid |      query_preview       | calls | total_time_ms | avg_time_ms | min_time_ms | max_time_ms | stddev_time_ms |  rows   | cache_hit_ratio | shared_blks_read | shared_blks_hit | shared_blks_dirtied | shared_blks_written | temp_blks_read | temp_blks_written 
---------+--------------------------+-------+---------------+-------------+-------------+-------------+----------------+---------+-----------------+------------------+-----------------+---------------------+---------------------+----------------+-------------------
         | <insufficient privilege> |     7 |      19650.67 |     2807.24 |      638.12 |    12933.71 |        4140.51 |     677 |           99.98 |             1984 |        10676460 |                   0 |                   0 |              0 |                 0
         | <insufficient privilege> |     8 |      18681.99 |     2335.25 |     2158.65 |     2898.68 |         229.32 |       0 |          100.00 |                0 |         2023440 |                   0 |                   0 |              0 |                 0
         | <insufficient privilege> |   256 |     451545.90 |     1763.85 |        4.71 |    13790.42 |        3209.32 |     275 |          100.00 |                0 |         2206452 |                   0 |                   0 |              0 |                 0
         | <insufficient privilege> |     2 |       3406.72 |     1703.36 |     1551.36 |     1855.36 |         152.00 |       2 |          100.00 |                0 |          149902 |                   0 |                   0 |              0 |                 0
         | <insufficient privilege> |    73 |      96633.44 |     1323.75 |     1241.65 |     1614.13 |          74.82 |      73 |          100.00 |              144 |        36832469 |                   0 |                   0 |              0 |                 0
         | <insufficient privilege> |    30 |      39169.57 |     1305.65 |     1251.92 |     1495.82 |          52.00 |      30 |          100.00 |                0 |        15141177 |                   0 |                   0 |              0 |                 0
         | <insufficient privilege> |    77 |     100380.24 |     1303.64 |       23.04 |     5195.33 |        1280.44 |       1 |          100.00 |                0 |         9651443 |                   0 |                   0 |              0 |                 0
         | <insufficient privilege> |     2 |       2590.58 |     1295.29 |     1187.43 |     1403.16 |         107.86 |      11 |          100.00 |                0 |          158751 |                   0 |                   0 |              0 |                 0
         | <insufficient privilege> |     6 |       7695.57 |     1282.60 |     1131.77 |     1837.35 |         250.74 |   12430 |          100.00 |                0 |         6966230 |                   0 |                   0 |              0 |                 0
         | <insufficient privilege> |    77 |      98041.48 |     1273.27 |       24.49 |     4496.44 |        1236.22 |       0 |          100.00 |                0 |         9657448 |                   0 |                   0 |              0 |                 0
         | <insufficient privilege> |    52 |      62500.58 |     1201.93 |      989.73 |     2327.99 |         314.97 |      52 |          100.00 |                0 |        13152360 |                   0 |                   0 |              0 |                 0
         | <insufficient privilege> |     4 |       4232.63 |     1058.16 |     1034.48 |     1102.31 |          27.45 |  135428 |          100.00 |                0 |         1020720 |                   0 |                   0 |              0 |                 0
         | <insufficient privilege> |     4 |       3485.90 |      871.48 |      811.82 |      984.30 |          70.08 |    5969 |          100.00 |                0 |         3368983 |                   0 |                   0 |              0 |                 0
         | <insufficient privilege> |   256 |     208261.47 |      813.52 |        0.11 |    43915.78 |        3674.03 |     287 |           97.45 |           242083 |         9250781 |                   0 |                   0 |              0 |                 0
         | <insufficient privilege> |    97 |      70091.98 |      722.60 |      544.75 |     1726.11 |         258.63 | 1107837 |          100.00 |                0 |        26717080 |                   0 |                   0 |              0 |                 0
         | <insufficient privilege> |     9 |       6408.78 |      712.09 |      598.71 |     1034.18 |         167.76 |  161730 |          100.00 |                0 |         2344824 |                   0 |                   0 |              0 |                 0
         | <insufficient privilege> |    70 |      48440.30 |      692.00 |      590.38 |     1009.49 |          94.28 |     630 |          100.00 |               41 |        21542203 |                   0 |                   0 |              0 |                 0
         | <insufficient privilege> | 67660 |   46392650.08 |      685.67 |        2.30 |     7721.92 |         652.19 |  894918 |          100.00 |           199482 |     44877674565 |                   0 |                   0 |       10444003 |          11269694
         | <insufficient privilege> |    20 |      13202.30 |      660.12 |      598.72 |      920.77 |          65.78 |   55290 |          100.00 |                0 |        12679474 |                   0 |                   0 |              0 |                 0
         | <insufficient privilege> |    29 |      19027.41 |      656.12 |      570.14 |     1582.77 |         180.71 |  448833 |          100.00 |                0 |         7555544 |                   0 |                   0 |              0 |                 0
(20 rows)

-- 2.2. Queries with highest total execution time
\echo '-- 2.2. Queries with highest total execution time'
-- 2.2. Queries with highest total execution time
SELECT
    queryid,
    LEFT(query, 100) AS query_preview,
    calls,
    ROUND(total_time::numeric, 2) AS total_time_ms,
    ROUND((total_time / 1000 / 60)::numeric, 2) AS total_time_minutes,
    ROUND(mean_time::numeric, 2) AS avg_time_ms,
    ROUND((100.0 * total_time / SUM(total_time) OVER ())::numeric, 2) AS pct_total_time,
    ROUND((100.0 * calls / SUM(calls) OVER ())::numeric, 2) AS pct_total_calls
FROM pg_stat_statements
WHERE query NOT LIKE '%pg_stat_statements%'
ORDER BY total_time DESC
LIMIT 20;
 queryid |      query_preview       |  calls   | total_time_ms | total_time_minutes | avg_time_ms | pct_total_time | pct_total_calls 
---------+--------------------------+----------+---------------+--------------------+-------------+----------------+-----------------
         | <insufficient privilege> |   144351 |   63546018.63 |            1059.10 |      440.22 |          23.09 |            0.02
         | <insufficient privilege> |    67660 |   46392650.08 |             773.21 |      685.67 |          16.86 |            0.01
         | <insufficient privilege> |   809500 |   37197599.17 |             619.96 |       45.95 |          13.52 |            0.12
         | <insufficient privilege> |   239838 |   30309853.50 |             505.16 |      126.38 |          11.01 |            0.04
         | <insufficient privilege> |    74657 |   11387730.39 |             189.80 |      152.53 |           4.14 |            0.01
         | <insufficient privilege> |   235773 |   10013662.70 |             166.89 |       42.47 |           3.64 |            0.03
         | <insufficient privilege> |  6188037 |    6740066.27 |             112.33 |        1.09 |           2.45 |            0.90
         | <insufficient privilege> |  1181924 |    6065731.17 |             101.10 |        5.13 |           2.20 |            0.17
         | <insufficient privilege> |   492534 |    2784009.43 |              46.40 |        5.65 |           1.01 |            0.07
         | <insufficient privilege> |  1738189 |    2551309.35 |              42.52 |        1.47 |           0.93 |            0.25
         | <insufficient privilege> |     7929 |    2087262.49 |              34.79 |      263.24 |           0.76 |            0.00
         | <insufficient privilege> |  8797555 |    1577811.57 |              26.30 |        0.18 |           0.57 |            1.29
         | <insufficient privilege> |  1995652 |    1420085.98 |              23.67 |        0.71 |           0.52 |            0.29
         | <insufficient privilege> |   625686 |    1418891.26 |              23.65 |        2.27 |           0.52 |            0.09
         | <insufficient privilege> |    45151 |    1368414.99 |              22.81 |       30.31 |           0.50 |            0.01
         | <insufficient privilege> |  1450376 |    1299089.80 |              21.65 |        0.90 |           0.47 |            0.21
         | <insufficient privilege> |   428367 |    1194347.12 |              19.91 |        2.79 |           0.43 |            0.06
         | <insufficient privilege> |  9937533 |    1169828.06 |              19.50 |        0.12 |           0.43 |            1.45
         | <insufficient privilege> | 13835314 |    1052969.78 |              17.55 |        0.08 |           0.38 |            2.02
         | <insufficient privilege> |     5324 |    1041202.14 |              17.35 |      195.57 |           0.38 |            0.00
(20 rows)

-- 2.3. Queries with worst cache hit ratio
\echo '-- 2.3. Queries with worst cache hit ratio'
-- 2.3. Queries with worst cache hit ratio
SELECT
    queryid,
    LEFT(query, 100) AS query_preview,
    calls,
    shared_blks_hit,
    shared_blks_read,
    ROUND((100.0 * shared_blks_hit / NULLIF(shared_blks_hit + shared_blks_read, 0))::numeric, 2) AS cache_hit_ratio,
    ROUND(mean_time::numeric, 2) AS avg_time_ms
FROM pg_stat_statements
WHERE (shared_blks_hit + shared_blks_read) > 0
    AND query NOT LIKE '%pg_stat_statements%'
ORDER BY (shared_blks_hit::float / NULLIF(shared_blks_hit + shared_blks_read, 0)) ASC
LIMIT 20;
 queryid |      query_preview       | calls  | shared_blks_hit | shared_blks_read | cache_hit_ratio | avg_time_ms 
---------+--------------------------+--------+-----------------+------------------+-----------------+-------------
         | <insufficient privilege> |     34 |            5427 |             4009 |           57.51 |        7.73
         | <insufficient privilege> |     16 |              32 |               16 |           66.67 |        1.19
         | <insufficient privilege> |   1236 |            2677 |             1049 |           71.85 |        0.90
         | <insufficient privilege> |    151 |             328 |              125 |           72.41 |        0.89
         | <insufficient privilege> |      4 |               3 |                1 |           75.00 |        0.17
         | <insufficient privilege> |      2 |               3 |                1 |           75.00 |        0.39
         | <insufficient privilege> |     25 |              59 |               16 |           78.67 |        0.63
         | <insufficient privilege> |     47 |             155 |               40 |           79.49 |        1.20
         | <insufficient privilege> |      2 |               8 |                2 |           80.00 |        0.98
         | <insufficient privilege> |    746 |            1795 |              443 |           80.21 |        0.62
         | <insufficient privilege> |     16 |             662 |              135 |           83.06 |        0.98
         | <insufficient privilege> |   1862 |           11927 |             2232 |           84.24 |        1.29
         | <insufficient privilege> |    190 |             676 |              121 |           84.82 |        2.38
         | <insufficient privilege> |   4153 |           11026 |             1835 |           85.73 |        0.46
         | <insufficient privilege> |  28022 |           96680 |            15918 |           85.86 |        0.60
         | <insufficient privilege> |     11 |              55 |                9 |           85.94 |        0.84
         | <insufficient privilege> |   2721 |            7131 |             1032 |           87.36 |        0.41
         | <insufficient privilege> | 839536 |         3102175 |           404413 |           88.47 |        0.06
         | <insufficient privilege> |     12 |              64 |                8 |           88.89 |        0.62
         | <insufficient privilege> |     28 |              65 |                8 |           89.04 |        0.32
(20 rows)

-- 2.4. Queries using temp files
\echo '-- 2.4. Queries using temp files'
-- 2.4. Queries using temp files
SELECT
    queryid,
    LEFT(query, 100) AS query_preview,
    calls,
    temp_blks_read,
    temp_blks_written,
    ROUND((temp_blks_written * 8192 / 1024.0 / 1024.0)::numeric, 2) AS temp_mb_written,
    ROUND(mean_time::numeric, 2) AS avg_time_ms,
    ROUND((mean_time * calls / 1000)::numeric, 2) AS total_time_sec
FROM pg_stat_statements
WHERE temp_blks_written > 0
ORDER BY temp_blks_written DESC
LIMIT 20;
 queryid |      query_preview       | calls | temp_blks_read | temp_blks_written | temp_mb_written | avg_time_ms | total_time_sec 
---------+--------------------------+-------+----------------+-------------------+-----------------+-------------+----------------
         | <insufficient privilege> | 74657 |       99687480 |         133329110 |      1041633.67 |      152.53 |       11387.73
         | <insufficient privilege> | 67660 |       10444003 |          11269694 |        88044.48 |      685.67 |       46392.65
         | <insufficient privilege> |   570 |         162657 |            284110 |         2219.61 |      176.37 |         100.53
         | <insufficient privilege> |  1853 |          15101 |             15126 |          118.17 |      133.38 |         247.16
         | <insufficient privilege> |     1 |           4774 |              4775 |           37.30 |      166.74 |           0.17
         | <insufficient privilege> |     1 |           4700 |              4701 |           36.73 |      164.59 |           0.16
         | <insufficient privilege> |    15 |           2907 |                 1 |            0.01 |        1.08 |           0.02
         | <insufficient privilege> |    15 |           2907 |                 1 |            0.01 |        1.03 |           0.02
         | <insufficient privilege> |     6 |           1085 |                 1 |            0.01 |        0.89 |           0.01
         | <insufficient privilege> |    15 |           2907 |                 1 |            0.01 |        1.10 |           0.02
         | <insufficient privilege> |     6 |           1085 |                 1 |            0.01 |        0.84 |           0.01
         | <insufficient privilege> |     6 |           1085 |                 1 |            0.01 |        0.88 |           0.01
         | <insufficient privilege> |     7 |           1085 |                 1 |            0.01 |        0.82 |           0.01
         | <insufficient privilege> |     6 |           1085 |                 1 |            0.01 |        1.01 |           0.01
         | <insufficient privilege> |     8 |           1085 |                 1 |            0.01 |        0.54 |           0.00
         | <insufficient privilege> |     6 |           1085 |                 1 |            0.01 |        0.71 |           0.00
         | <insufficient privilege> |     6 |           1085 |                 1 |            0.01 |        0.86 |           0.01
         | <insufficient privilege> |     8 |           1085 |                 1 |            0.01 |        0.56 |           0.00
         | <insufficient privilege> |     8 |           1085 |                 1 |            0.01 |        0.56 |           0.00
         | <insufficient privilege> |     6 |           1085 |                 1 |            0.01 |        0.69 |           0.00
(20 rows)

-- 2.5. Queries with high execution time variance
\echo '-- 2.5. Queries with high variance'
-- 2.5. Queries with high variance
SELECT
    queryid,
    LEFT(query, 100) AS query_preview,
    calls,
    ROUND(mean_time::numeric, 2) AS avg_time_ms,
    ROUND(stddev_time::numeric, 2) AS stddev_ms,
    ROUND((stddev_time / NULLIF(mean_time, 0))::numeric, 2) AS coefficient_of_variation,
    ROUND(min_time::numeric, 2) AS min_time_ms,
    ROUND(max_time::numeric, 2) AS max_time_ms
FROM pg_stat_statements
WHERE calls > 10
    AND mean_time > 0
    AND query NOT LIKE '%pg_stat_statements%'
ORDER BY (stddev_time / NULLIF(mean_time, 0)) DESC
LIMIT 20;
 queryid |      query_preview       |  calls  | avg_time_ms | stddev_ms | coefficient_of_variation | min_time_ms | max_time_ms 
---------+--------------------------+---------+-------------+-----------+--------------------------+-------------+-------------
         | <insufficient privilege> |  193564 |        0.03 |      1.63 |                    59.44 |        0.00 |      288.87
         | <insufficient privilege> |  625686 |        2.27 |     93.18 |                    41.09 |        0.05 |    42600.37
         | <insufficient privilege> |  620646 |        0.01 |      0.27 |                    37.40 |        0.00 |       67.69
         | <insufficient privilege> |  214226 |        0.57 |     19.40 |                    33.85 |        0.05 |     3756.60
         | <insufficient privilege> |  875443 |        0.01 |      0.27 |                    25.03 |        0.00 |       51.46
         | <insufficient privilege> |  203076 |        1.35 |     32.56 |                    24.13 |        0.02 |     4533.55
         | <insufficient privilege> | 1254615 |        0.04 |      0.85 |                    23.27 |        0.01 |      371.83
         | <insufficient privilege> |    1367 |        0.20 |      4.00 |                    20.31 |        0.02 |      146.41
         | <insufficient privilege> |  769262 |        0.05 |      0.91 |                    19.95 |        0.02 |      521.79
         | <insufficient privilege> |   12972 |        3.43 |     61.13 |                    17.84 |        0.01 |     4539.69
         | <insufficient privilege> |     597 |        1.44 |     18.10 |                    12.61 |        0.16 |      413.66
         | <insufficient privilege> | 1450376 |        0.90 |      9.27 |                    10.35 |        0.01 |     1863.10
         | <insufficient privilege> |   22766 |        3.46 |     35.22 |                    10.17 |        0.02 |     1933.45
         | <insufficient privilege> |    3108 |        0.33 |      3.30 |                     9.98 |        0.01 |       49.61
         | <insufficient privilege> |  145493 |        0.61 |      6.04 |                     9.87 |        0.01 |      700.20
         | <insufficient privilege> |    4971 |        0.07 |      0.68 |                     9.80 |        0.02 |       32.82
         | <insufficient privilege> |  146023 |        0.02 |      0.21 |                     9.37 |        0.01 |       27.55
         | <insufficient privilege> |   29059 |        0.39 |      3.62 |                     9.30 |        0.08 |      439.08
         | <insufficient privilege> |     413 |        0.11 |      0.98 |                     9.18 |        0.01 |       19.99
         | <insufficient privilege> |     285 |        0.06 |      0.54 |                     9.12 |        0.01 |        9.17
(20 rows)

\echo '============================================================================'
============================================================================
\echo 'PART 3: INDEX ANALYSIS'
PART 3: INDEX ANALYSIS
\echo '============================================================================'
============================================================================
-- 3.1. Sequential scans vs Index scans ratio
\echo '-- 3.1. Sequential vs Index scans'
-- 3.1. Sequential vs Index scans
SELECT
    schemaname,
    relname AS table_name,
    seq_scan,
    seq_tup_read,
    idx_scan,
    COALESCE(idx_tup_fetch, 0) AS idx_tup_fetch,
    CASE
        WHEN seq_scan = 0 THEN 0
        ELSE ROUND((seq_tup_read::numeric / seq_scan), 2)
    END AS avg_seq_tup_per_scan,
    ROUND((100.0 * idx_scan / NULLIF(seq_scan + idx_scan, 0))::numeric, 2) AS index_usage_pct,
    pg_size_pretty(pg_total_relation_size(schemaname||'.'||relname)) AS total_size
FROM pg_stat_user_tables
WHERE seq_scan > 0 OR idx_scan > 0
ORDER BY seq_scan DESC, seq_tup_read DESC
LIMIT 30;
 schemaname |                         table_name                          | seq_scan | seq_tup_read | idx_scan  | idx_tup_fetch | avg_seq_tup_per_scan | index_usage_pct | total_size 
------------+-------------------------------------------------------------+----------+--------------+-----------+---------------+----------------------+-----------------+------------
 public     | django_content_type                                         | 47156499 |   6374667474 |  96794269 |      91252450 |               135.18 |           67.24 | 104 kB
 public     | auth_group                                                  | 21756447 |    329710361 | 117318163 |       1619565 |                15.15 |           84.36 | 88 kB
 public     | bureau_locationpermit                                       | 14139030 |    295814319 |        18 |             0 |                20.92 |            0.00 | 104 kB
 public     | donut_currency                                              | 11783238 |    106269575 |   6288923 |        842437 |                 9.02 |           34.80 | 72 kB
 public     | donut_country                                               | 11782875 |    457350064 |  13192711 |      23479364 |                38.81 |           52.82 | 288 kB
 public     | donut_paymentmethod                                         | 10694837 |    254239360 |  46159367 |      39564169 |                23.77 |           81.19 | 104 kB
 public     | donut_customer                                              |  8441935 |   2022996957 | 520466364 |     411501208 |               239.64 |           98.40 | 416 kB
 public     | bureau_campaignadditionalsignature                          |  7462652 |    835620387 |    109322 |          9240 |               111.97 |            1.44 | 152 kB
 public     | bureau_location                                             |  6441439 |  19127013679 | 281961716 |     432479326 |              2969.37 |           97.77 | 9584 kB
 public     | django_celery_beat_periodictasks                            |  2703485 |      2703485 |     20437 |         20437 |                 1.00 |            0.75 | 168 kB
 public     | dataflow_recordvalidation                                   |  2218929 |     43071024 |   6517896 |        323282 |                19.41 |           74.60 | 80 kB
 public     | donut_organization                                          |  2198571 |     83443065 |   1243561 |       1074912 |                37.95 |           36.13 | 112 kB
 public     | gamification_userachievement                                |  2002514 | 323083006778 | 323229580 |    7042348539 |            161338.70 |           99.38 | 162 MB
 public     | features_featureflag                                        |  1617827 |      5636032 |        38 |            37 |                 3.48 |            0.00 | 112 kB
 public     | statistics_dashboardsetup                                   |  1606393 |    439149738 |     69205 |        110438 |               273.38 |            4.13 | 160 kB
 public     | bureau_recruitingsettingsrangeslider                        |  1571350 |            0 |         0 |             0 |                 0.00 |            0.00 | 56 kB
 public     | bureau_recruitingsettingsadditionalcheckboxgroup            |  1565293 |            0 |         0 |             0 |                 0.00 |            0.00 | 56 kB
 public     | bureau_recruitingsettingsadditionalradiogroup               |  1565293 |            0 |         0 |             0 |                 0.00 |            0.00 | 56 kB
 public     | bureau_recruitingsettingsadditionaltextfield                |  1565293 |            0 |         0 |             0 |                 0.00 |            0.00 | 56 kB
 public     | bureau_campaignrangeslider                                  |  1372984 |     44845729 |    307615 |          4210 |                32.66 |           18.30 | 152 kB
 public     | trainingcenter_quizgroup_organizations                      |  1278831 |    152874760 |   2588758 |        157899 |               119.54 |           66.93 | 104 kB
 public     | axes_accessattempt                                          |  1258274 |     13408012 |      3182 |         15434 |                10.66 |            0.25 | 592 kB
 public     | trainingcenter_quizgroup                                    |  1251119 |    249955184 |  12525552 |       3423571 |               199.79 |           90.92 | 112 kB
 public     | trainingcenter_quizgroup_customers                          |  1246637 |    435437689 |   2757962 |        408274 |               349.29 |           68.87 | 128 kB
 public     | trainingcenter_quizgroup_campaigns                          |  1240967 |    956462144 |   2730241 |        985479 |               770.74 |           68.75 | 224 kB
 public     | trainingcenter_quizgroup_additional_fundraisers             |  1237643 |    162124779 |   2475734 |        421232 |               130.99 |           66.67 | 104 kB
 public     | donut_country_translation                                   |  1228255 |    263969777 |        18 |            14 |               214.91 |            0.00 | 280 kB
 public     | donut_asset                                                 |  1183797 |   1521278207 |      2556 |          2556 |              1285.08 |            0.22 | 264 kB
 public     | bureau_customerrecruitingsettings_campaigns_for_suggestions |   785066 |     82954415 |   1569826 |         39992 |               105.67 |           66.66 | 104 kB
 public     | bureau_recruitingcampaign                                   |   776095 |    109879704 |   3178280 |         88840 |               141.58 |           80.37 | 104 kB
(30 rows)

-- 3.2. Unused indexes
\echo '-- 3.2. Unused indexes'
-- 3.2. Unused indexes
SELECT
    schemaname,
    relname AS table_name,
    indexrelname AS index_name,
    idx_scan,
    pg_size_pretty(pg_relation_size(indexrelid)) AS index_size,
    pg_size_pretty(pg_total_relation_size(relid)) AS table_size
FROM pg_stat_user_indexes
WHERE idx_scan = 0
    AND indexrelid NOT IN (SELECT indexrelid FROM pg_index WHERE indisprimary OR indisunique)
ORDER BY pg_relation_size(indexrelid) DESC
LIMIT 30;
 schemaname |                table_name                 |                          index_name                           | idx_scan | index_size | table_size 
------------+-------------------------------------------+---------------------------------------------------------------+----------+------------+------------
 public     | tracking_event                            | tracking_event_name_173b6385_like                             |        0 | 528 MB     | 6160 MB
 public     | tracking_event                            | tracking_event_name_173b6385                                  |        0 | 528 MB     | 6160 MB
 public     | tracking_event                            | tracking_event_createtime_abc4b470                            |        0 | 240 MB     | 6160 MB
 public     | actstream_action                          | actstream_action_verb_83f768b7                                |        0 | 132 MB     | 1530 MB
 public     | actstream_action                          | actstream_action_verb_83f768b7_like                           |        0 | 132 MB     | 1530 MB
 public     | bureau_paymentattempt                     | bureau_paymentattempt_createtime_fb9d3495                     |        0 | 131 MB     | 1255 MB
 public     | bureau_donation                           | bureau_donation_mailjet_message_id_a2dba5d8_like              |        0 | 96 MB      | 4515 MB
 public     | oauth2_provider_refreshtoken              | oauth2_provider_refreshtoken_6bc0a4eb                         |        0 | 96 MB      | 588 MB
 public     | donut_odometercount                       | donut_odome_campaig_081865_idx                                |        0 | 92 MB      | 937 MB
 public     | donut_odometercount                       | donut_odometercount_00eb2274                                  |        0 | 92 MB      | 937 MB
 public     | actstream_action                          | actstream_action_actor_object_id_72ef0cfa_like                |        0 | 86 MB      | 1530 MB
 public     | actstream_action                          | actstream_action_public_ac0653e9                              |        0 | 82 MB      | 1530 MB
 public     | actstream_action                          | actstream_action_action_object_object_id_6433bdf7_like        |        0 | 82 MB      | 1530 MB
 public     | actstream_action                          | actstream_action_action_object_object_id_6433bdf7             |        0 | 82 MB      | 1530 MB
 public     | donut_odometercount                       | donut_odometercount_createtime_31141ed9                       |        0 | 72 MB      | 937 MB
 public     | bureau_sms                                | bureau_sms_00eb2274                                           |        0 | 54 MB      | 678 MB
 public     | nanny_fundraiserworkshift                 | nanny_fundraiserworkshift_createtime_c43c9641                 |        0 | 45 MB      | 422 MB
 public     | raisenow_epmswebhook                      | raisenow_epmswebhook_event_id_206245a0_like                   |        0 | 44 MB      | 699 MB
 public     | bureau_sms                                | bureau_sms_createtime_db256505                                |        0 | 42 MB      | 678 MB
 public     | nanny_donationcampaignfundraiserworkshift | nanny_donationcampaignfundraiserworkshift_createtime_2e38a9e5 |        0 | 36 MB      | 270 MB
 public     | bureau_donation                           | bureau_donation_raisenow_epp_transaction_id_c7002668_like     |        0 | 36 MB      | 4515 MB
 public     | bureau_donation                           | bureau_donation_fallback_mailjet_message_id_e912f78c_like     |        0 | 26 MB      | 4515 MB
 public     | bureau_donation                           | bureau_donation_raisenow_subscription_uuid_0cd11263_like      |        0 | 26 MB      | 4515 MB
 public     | bureau_donation                           | bureau_donation_mailjet_status_8cc3c334                       |        0 | 20 MB      | 4515 MB
 public     | bureau_donation                           | bureau_donation_raisenow_subscription_token_c319315c_like     |        0 | 20 MB      | 4515 MB
 public     | bureau_donation                           | bureau_donation_status_charity_85342ae0                       |        0 | 19 MB      | 4515 MB
 public     | bureau_donation                           | bureau_donation_status_agency_d435cac5                        |        0 | 19 MB      | 4515 MB
 public     | bureau_recordimporthistory                | bureau_recordimporthistory_application_id_0b5e201c            |        0 | 19 MB      | 1016 MB
 public     | bureau_donation                           | bureau_donation_raisenow_status_82127d4c                      |        0 | 19 MB      | 4515 MB
 public     | bureau_donation                           | bureau_donation_raisenow_subscription_id_ffd8826d_like        |        0 | 19 MB      | 4515 MB
(30 rows)

-- 3.3. Duplicate indexes
\echo '-- 3.3. Duplicate indexes'
-- 3.3. Duplicate indexes
SELECT
    pg_size_pretty(SUM(pg_relation_size(idx))::bigint) AS size,
    (ARRAY_AGG(idx))[1] AS idx1,
    (ARRAY_AGG(idx))[2] AS idx2,
    (ARRAY_AGG(idx))[3] AS idx3
FROM (
    SELECT
        indexrelid::regclass AS idx,
        (indrelid::text || E'\n' || indclass::text || E'\n' || indkey::text || E'\n' ||
         COALESCE(indexprs::text, '') || E'\n' || COALESCE(indpred::text, '')) AS key
    FROM pg_index
) sub
GROUP BY key
HAVING COUNT(*) > 1
ORDER BY SUM(pg_relation_size(idx)) DESC;
  size   |                              idx1                               |              idx2              | idx3 
---------+-----------------------------------------------------------------+--------------------------------+------
 110 MB  | bureau_donation_uid_3e101b71e34b3bdc_uniq                       | bureau_donation_9871d3a2       | 
 11 MB   | nanny_jobapplication_uid_66c55f48cee1a08e_uniq                  | nanny_jobapplication_9871d3a2  | 
 6288 kB | bureau_petition_uid_33e2bd1f6b1a33f4_uniq                       | bureau_petition_9871d3a2       | 
 3032 kB | nanny_timeentry_uid_10c5a1d724fa27fb_uniq                       | nanny_timeentry_9871d3a2       | 
 416 kB  | transfer_key_unique_instance                                    | utils_trans_content_70782a_idx | 
 168 kB  | bureau_campaign_payment_method_campaign_id_paymentmethod_id_key | campaign_payment_method_unique | 
(6 rows)

-- 3.4. Missing indexes
\echo '-- 3.4. Missing indexes (high seq scans)'
-- 3.4. Missing indexes (high seq scans)
SELECT
    schemaname,
    relname AS table_name,
    seq_scan,
    seq_tup_read,
    CASE WHEN seq_scan > 0 THEN seq_tup_read / seq_scan ELSE 0 END AS avg_tup_per_scan,
    idx_scan,
    n_live_tup,
    pg_size_pretty(pg_total_relation_size(schemaname||'.'||relname)) AS table_size
FROM pg_stat_user_tables
WHERE seq_scan > 100
    AND n_live_tup > 10000
    AND (idx_scan IS NULL OR idx_scan < seq_scan * 0.1)
ORDER BY seq_tup_read DESC
LIMIT 20;
 schemaname |         table_name         | seq_scan | seq_tup_read | avg_tup_per_scan | idx_scan | n_live_tup | table_size 
------------+----------------------------+----------+--------------+------------------+----------+------------+------------
 public     | donut_currencyexchangerate |      261 |     30139364 |           115476 |        0 |     116685 | 10168 kB
(1 row)

\echo '============================================================================'
============================================================================
\echo 'PART 4: CONNECTIONS AND SESSIONS'
PART 4: CONNECTIONS AND SESSIONS
\echo '============================================================================'
============================================================================
-- 4.1. Current connections summary
\echo '-- 4.1. Connections summary'
-- 4.1. Connections summary
SELECT
    datname AS database,
    usename AS username,
    state,
    COUNT(*) AS connections,
    MAX(EXTRACT(EPOCH FROM (now() - backend_start)))::int AS max_conn_age_sec
FROM pg_stat_activity
WHERE pid != pg_backend_pid()
GROUP BY datname, usename, state
ORDER BY connections DESC;
  database  |                     username                     | state | connections | max_conn_age_sec 
------------+--------------------------------------------------+-------+-------------+------------------
 formunauts | rUwrGvbinkSw3vpEr5r6TylOxMoWojM98kOS9n53kEUXXatt |       |          11 |                 
            |                                                  |       |           6 |                 
 rdsadmin   | rdsadmin                                         |       |           4 |                 
            | rdsadmin                                         |       |           1 |                 
 postgres   | rdsadmin                                         |       |           1 |                 
(5 rows)

-- 4.2. Long running queries
\echo '-- 4.2. Long running queries (> 1 min)'
-- 4.2. Long running queries (> 1 min)
SELECT
    pid,
    usename,
    datname,
    state,
    EXTRACT(EPOCH FROM (now() - query_start))::int AS duration_sec,
    wait_event_type,
    wait_event,
    LEFT(query, 200) AS query
FROM pg_stat_activity
WHERE state = 'active'
    AND query_start < now() - INTERVAL '1 minute'
    AND pid != pg_backend_pid()
ORDER BY query_start;
 pid | usename | datname | state | duration_sec | wait_event_type | wait_event | query 
-----+---------+---------+-------+--------------+-----------------+------------+-------
(0 rows)

-- 4.3. Idle in transaction
\echo '-- 4.3. Idle in transaction'
-- 4.3. Idle in transaction
SELECT
    pid,
    usename,
    datname,
    state,
    EXTRACT(EPOCH FROM (now() - state_change))::int AS idle_in_txn_sec,
    LEFT(query, 200) AS last_query
FROM pg_stat_activity
WHERE state LIKE '%transaction%'
ORDER BY state_change;
 pid | usename | datname | state | idle_in_txn_sec | last_query 
-----+---------+---------+-------+-----------------+------------
(0 rows)

\echo '============================================================================'
============================================================================
\echo 'PART 5: LOCKS AND BLOCKING'
PART 5: LOCKS AND BLOCKING
\echo '============================================================================'
============================================================================
-- 5.1. Current locks
\echo '-- 5.1. Current locks'
-- 5.1. Current locks
SELECT
    l.pid,
    l.locktype,
    l.mode,
    l.granted,
    l.relation::regclass AS relation,
    a.usename,
    a.state,
    LEFT(a.query, 100) AS query
FROM pg_locks l
JOIN pg_stat_activity a ON l.pid = a.pid
WHERE l.relation IS NOT NULL
    AND a.pid != pg_backend_pid()
ORDER BY l.granted, l.pid;
 pid | locktype | mode | granted | relation | usename | state | query 
-----+----------+------+---------+----------+---------+-------+-------
(0 rows)

-- 5.2. Blocking queries
\echo '-- 5.2. Blocking queries'
-- 5.2. Blocking queries
SELECT
    blocked.pid AS blocked_pid,
    blocked.usename AS blocked_user,
    blocking.pid AS blocking_pid,
    blocking.usename AS blocking_user,
    LEFT(blocked.query, 100) AS blocked_query,
    LEFT(blocking.query, 100) AS blocking_query
FROM pg_stat_activity blocked
JOIN pg_locks blocked_locks ON blocked.pid = blocked_locks.pid
JOIN pg_locks blocking_locks ON blocked_locks.locktype = blocking_locks.locktype
    AND blocked_locks.relation = blocking_locks.relation
    AND blocked_locks.pid != blocking_locks.pid
JOIN pg_stat_activity blocking ON blocking_locks.pid = blocking.pid
WHERE NOT blocked_locks.granted
    AND blocking_locks.granted;
 blocked_pid | blocked_user | blocking_pid | blocking_user | blocked_query | blocking_query 
-------------+--------------+--------------+---------------+---------------+----------------
(0 rows)

\echo '============================================================================'
============================================================================
\echo 'PART 6: TABLE STATISTICS'
PART 6: TABLE STATISTICS
\echo '============================================================================'
============================================================================
-- 6.1. Table sizes
\echo '-- 6.1. Table sizes'
-- 6.1. Table sizes
SELECT
    schemaname,
    relname AS table_name,
    pg_size_pretty(pg_total_relation_size(schemaname||'.'||relname)) AS total_size,
    pg_size_pretty(pg_relation_size(schemaname||'.'||relname)) AS table_size,
    pg_size_pretty(pg_indexes_size(relid)) AS indexes_size,
    n_live_tup AS live_rows,
    n_dead_tup AS dead_rows,
    ROUND(100.0 * n_dead_tup / NULLIF(n_live_tup + n_dead_tup, 0), 2) AS dead_pct
FROM pg_stat_user_tables
ORDER BY pg_total_relation_size(schemaname||'.'||relname) DESC
LIMIT 30;
 schemaname |                  table_name                   | total_size | table_size | indexes_size | live_rows | dead_rows | dead_pct 
------------+-----------------------------------------------+------------+------------+--------------+-----------+-----------+----------
 public     | bureau_recordexporthistory                    | 11 GB      | 9469 MB    | 2216 MB      |  19432029 |      4084 |     0.02
 public     | tracking_event                                | 6160 MB    | 3986 MB    | 2173 MB      |  11182701 |      1174 |     0.01
 public     | reversion_version                             | 5791 MB    | 763 MB     | 639 MB       |   1343073 |       305 |     0.02
 public     | reversion_revision                            | 5433 MB    | 3149 MB    | 2283 MB      |  31596476 |      7953 |     0.03
 public     | bureau_donation                               | 4515 MB    | 1976 MB    | 1607 MB      |   2588152 |      2926 |     0.11
 public     | donut_webrequest                              | 3280 MB    | 498 MB     | 590 MB       |    324344 |      1522 |     0.47
 public     | nanny_team_locations                          | 1541 MB    | 339 MB     | 1202 MB      |   7992470 |     19624 |     0.24
 public     | actstream_action                              | 1530 MB    | 271 MB     | 1259 MB      |   2838419 |       868 |     0.03
 public     | donut_rawrequest                              | 1375 MB    | 107 MB     | 29 MB        |    120054 |         0 |     0.00
 public     | nanny_jobapplication                          | 1321 MB    | 71 MB      | 52 MB        |    263546 |       226 |     0.09
 public     | bureau_paymentattempt                         | 1255 MB    | 618 MB     | 636 MB       |   4866016 |       467 |     0.01
 public     | bureau_donationadditionalsignature            | 1075 MB    | 11 MB      | 11 MB        |    158818 |        12 |     0.01
 public     | bureau_recordimporthistory                    | 1016 MB    | 838 MB     | 177 MB       |   1957103 |      3059 |     0.16
 public     | donut_odometercount                           | 937 MB     | 272 MB     | 665 MB       |   3201921 |       102 |     0.00
 public     | raisenow_epmswebhook                          | 699 MB     | 152 MB     | 293 MB       |    600601 |       963 |     0.16
 public     | bureau_sms                                    | 678 MB     | 432 MB     | 246 MB       |   1787769 |      3721 |     0.21
 public     | bureau_donation_form_additional_radio_buttons | 627 MB     | 184 MB     | 443 MB       |   4224638 |        72 |     0.00
 public     | oauth2_provider_accesstoken                   | 594 MB     | 27 MB      | 566 MB       |     13305 |         5 |     0.04
 public     | oauth2_provider_refreshtoken                  | 588 MB     | 127 MB     | 461 MB       |     30504 |      1034 |     3.28
 public     | bureau_donation_form_additional_checkboxes    | 557 MB     | 164 MB     | 393 MB       |   3855232 |       744 |     0.02
 public     | django_admin_log                              | 484 MB     | 215 MB     | 269 MB       |   1126565 |         0 |     0.00
 public     | django_session                                | 428 MB     | 2616 kB    | 425 MB       |      5517 |       253 |     4.38
 public     | nanny_fundraiserworkshift                     | 422 MB     | 129 MB     | 293 MB       |   1538678 |       405 |     0.03
 public     | bureau_campaign_translation                   | 376 MB     | 88 MB      | 6904 kB      |      1644 |       172 |     9.47
 public     | importer_importfileerror                      | 347 MB     | 252 MB     | 94 MB        |   2537705 |       427 |     0.02
 public     | bureau_donationadditionaltextfield            | 320 MB     | 97 MB      | 223 MB       |   2085297 |       785 |     0.04
 public     | nanny_donationcampaignfundraiserworkshift     | 270 MB     | 112 MB     | 158 MB       |   1626428 |        98 |     0.01
 public     | api_webhook                                   | 236 MB     | 110 MB     | 37 MB        |    190573 |         8 |     0.00
 public     | bureau_unfinisheddonationadditionalsignature  | 229 MB     | 4544 kB    | 8600 kB      |     62851 |       175 |     0.28
 public     | thumbnail_kvstore                             | 222 MB     | 110 MB     | 112 MB       |    537805 |        36 |     0.01
(30 rows)

-- 6.2. Tables needing VACUUM
\echo '-- 6.2. Tables needing VACUUM'
-- 6.2. Tables needing VACUUM
SELECT
    schemaname,
    relname AS table_name,
    n_live_tup,
    n_dead_tup,
    ROUND(100.0 * n_dead_tup / NULLIF(n_live_tup + n_dead_tup, 0), 2) AS dead_pct,
    last_vacuum,
    last_autovacuum,
    last_analyze,
    last_autoanalyze
FROM pg_stat_user_tables
WHERE n_dead_tup > 1000
    OR n_dead_tup > n_live_tup * 0.1
ORDER BY n_dead_tup DESC
LIMIT 20;
 schemaname |                       table_name                        | n_live_tup | n_dead_tup | dead_pct |          last_vacuum          |        last_autovacuum        |         last_analyze          |       last_autoanalyze        
------------+---------------------------------------------------------+------------+------------+----------+-------------------------------+-------------------------------+-------------------------------+-------------------------------
 public     | nanny_team_locations                                    |    7992470 |      19624 |     0.24 | 2026-01-28 06:00:45.377957+00 | 2025-11-25 09:39:50.40859+00  | 2026-01-28 06:00:45.646432+00 | 2025-11-25 09:39:45.964429+00
 public     | reversion_revision                                      |   31596476 |       7953 |     0.03 | 2026-01-28 06:00:57.833492+00 |                               | 2026-01-28 06:00:58.704202+00 | 2025-11-25 16:18:56.207288+00
 public     | bureau_recordexporthistory                              |   19432029 |       4084 |     0.02 | 2026-01-28 06:00:44.916693+00 | 2025-11-25 20:06:34.45234+00  | 2026-01-28 06:00:45.278436+00 | 2025-11-25 20:06:29.810262+00
 public     | bureau_sms                                              |    1787769 |       3721 |     0.21 | 2026-01-28 06:00:20.298421+00 |                               | 2026-01-28 06:00:21.90472+00  | 
 public     | bureau_recordimporthistory                              |    1957103 |       3059 |     0.16 | 2026-01-28 06:00:43.306297+00 | 2025-11-25 14:36:06.054715+00 | 2026-01-28 06:00:44.013711+00 | 2025-11-25 14:36:01.439996+00
 public     | bureau_unfinisheddonation_form_additional_radio_buttons |     347732 |       3022 |     0.86 | 2026-01-28 06:00:04.094648+00 |                               | 2026-01-28 06:00:04.15085+00  | 
 public     | bureau_donation                                         |    2588152 |       2926 |     0.11 | 2026-01-28 06:00:53.834855+00 | 2025-11-25 18:32:22.82451+00  | 2026-01-28 06:00:57.073153+00 | 2025-11-25 18:32:15.24793+00
 public     | bureau_unfinisheddonation_form_additional_checkboxes    |     287480 |       2205 |     0.76 | 2026-01-28 06:00:04.189245+00 |                               | 2026-01-28 06:00:04.241766+00 | 
 public     | donut_webrequest                                        |     324344 |       1522 |     0.47 | 2026-01-28 06:00:46.97198+00  | 2025-11-25 17:27:07.580357+00 | 2026-01-28 06:00:49.651994+00 | 2026-01-25 04:00:40.806603+00
 public     | tracking_event                                          |   11182701 |       1174 |     0.01 | 2026-01-28 06:00:35.447771+00 |                               | 2026-01-28 06:00:36.38028+00  | 
 public     | oauth2_provider_refreshtoken                            |      30504 |       1034 |     3.28 | 2026-01-28 06:00:59.395872+00 | 2026-01-16 13:54:03.349173+00 | 2026-01-28 06:00:59.749168+00 | 2026-01-28 10:56:47.950132+00
 public     | bureau_campaign_translation                             |       1644 |        172 |     9.47 | 2026-01-28 06:00:04.528182+00 | 2025-12-18 06:00:13.108903+00 | 2026-01-28 06:00:07.012181+00 | 
 public     | bureau_campaign                                         |        956 |        114 |    10.65 | 2026-01-28 06:00:07.121718+00 | 2026-01-28 12:08:29.909239+00 | 2026-01-28 06:00:07.217105+00 | 2026-01-28 12:28:22.839996+00
 public     | axes_accessattempt                                      |         16 |         38 |    70.37 | 2026-01-28 06:00:03.295055+00 | 2026-01-28 11:27:15.80608+00  | 2026-01-28 06:00:03.301005+00 | 2026-01-28 11:26:15.640311+00
 public     | django_celery_beat_periodictasks                        |          1 |         15 |    93.75 | 2026-01-28 06:00:18.830785+00 | 2026-01-28 11:42:42.736976+00 | 2026-01-28 06:00:18.832329+00 | 2026-01-28 11:42:42.739223+00
(15 rows)

-- 6.3. Tables without recent ANALYZE
\echo '-- 6.3. Tables without recent ANALYZE'
-- 6.3. Tables without recent ANALYZE
SELECT
    schemaname,
    relname AS table_name,
    n_live_tup,
    last_analyze,
    last_autoanalyze,
    GREATEST(last_analyze, last_autoanalyze) AS last_any_analyze
FROM pg_stat_user_tables
WHERE n_live_tup > 1000
    AND (last_analyze IS NULL OR last_analyze < now() - INTERVAL '7 days')
    AND (last_autoanalyze IS NULL OR last_autoanalyze < now() - INTERVAL '7 days')
ORDER BY n_live_tup DESC
LIMIT 20;
 schemaname | table_name | n_live_tup | last_analyze | last_autoanalyze | last_any_analyze 
------------+------------+------------+--------------+------------------+------------------
(0 rows)

\echo '============================================================================'
============================================================================
\echo 'PART 7: DATABASE STATISTICS'
PART 7: DATABASE STATISTICS
\echo '============================================================================'
============================================================================
-- 7.1. Database statistics
\echo '-- 7.1. Database statistics'
-- 7.1. Database statistics
SELECT
    datname,
    numbackends AS connections,
    xact_commit AS commits,
    xact_rollback AS rollbacks,
    blks_read,
    blks_hit,
    ROUND(100.0 * blks_hit / NULLIF(blks_hit + blks_read, 0), 2) AS cache_hit_ratio,
    tup_returned,
    tup_fetched,
    tup_inserted,
    tup_updated,
    tup_deleted,
    conflicts,
    deadlocks
FROM pg_stat_database
WHERE datname = current_database();
  datname   | connections |  commits  | rollbacks | blks_read |   blks_hit   | cache_hit_ratio | tup_returned  | tup_fetched  | tup_inserted | tup_updated | tup_deleted | conflicts | deadlocks 
------------+-------------+-----------+-----------+-----------+--------------+-----------------+---------------+--------------+--------------+-------------+-------------+-----------+-----------
 formunauts |          12 | 616411152 |     88074 | 590781835 | 184439163063 |           99.68 | 2372043501536 | 383236890962 |     26394670 |    46179097 |    20129387 |         0 |        34
(1 row)

-- 7.2. Database size
\echo '-- 7.2. Database size'
-- 7.2. Database size
SELECT
    datname,
    pg_size_pretty(pg_database_size(datname)) AS size
FROM pg_database
WHERE datname = current_database();
  datname   | size  
------------+-------
 formunauts | 54 GB
(1 row)

\echo '============================================================================'
============================================================================
\echo 'PART 8: REPLICATION STATUS'
PART 8: REPLICATION STATUS
\echo '============================================================================'
============================================================================
-- 8.1. Replication slots
\echo '-- 8.1. Replication slots'
-- 8.1. Replication slots
SELECT
    slot_name,
    plugin,
    slot_type,
    active,
    restart_lsn,
    confirmed_flush_lsn
FROM pg_replication_slots;
 slot_name | plugin | slot_type | active | restart_lsn | confirmed_flush_lsn 
-----------+--------+-----------+--------+-------------+---------------------
(0 rows)

-- 8.2. Replication lag
\echo '-- 8.2. Replication lag'
-- 8.2. Replication lag
SELECT
    client_addr,
    state,
    sent_lsn,
    write_lsn,
    flush_lsn,
    replay_lsn,
    pg_wal_lsn_diff(sent_lsn, replay_lsn) AS lag_bytes
FROM pg_stat_replication;
 client_addr | state | sent_lsn | write_lsn | flush_lsn | replay_lsn | lag_bytes 
-------------+-------+----------+-----------+-----------+------------+-----------
(0 rows)

\echo '============================================================================'
============================================================================
\echo 'PART 9: CONFIGURATION CHECK'
PART 9: CONFIGURATION CHECK
\echo '============================================================================'
============================================================================
-- 9.1. Key performance settings
\echo '-- 9.1. Key performance settings'
-- 9.1. Key performance settings
SELECT name, setting, unit, context, short_desc
FROM pg_settings
WHERE name IN (
    'shared_buffers',
    'effective_cache_size',
    'work_mem',
    'maintenance_work_mem',
    'max_connections',
    'checkpoint_completion_target',
    'wal_buffers',
    'random_page_cost',
    'effective_io_concurrency',
    'max_worker_processes',
    'max_parallel_workers_per_gather',
    'max_parallel_workers',
    'max_parallel_maintenance_workers',
    'log_min_duration_statement',
    'autovacuum',
    'autovacuum_max_workers',
    'autovacuum_vacuum_scale_factor',
    'autovacuum_analyze_scale_factor'
)
ORDER BY name;
               name               | setting | unit |    context    |                                        short_desc                                         
----------------------------------+---------+------+---------------+-------------------------------------------------------------------------------------------
 autovacuum                       | on      |      | sighup        | Starts the autovacuum subprocess.
 autovacuum_analyze_scale_factor  | 0.05    |      | sighup        | Number of tuple inserts, updates, or deletes prior to analyze as a fraction of reltuples.
 autovacuum_max_workers           | 3       |      | postmaster    | Sets the maximum number of simultaneously running autovacuum worker processes.
 autovacuum_vacuum_scale_factor   | 0.1     |      | sighup        | Number of tuple updates or deletes prior to vacuum as a fraction of reltuples.
 checkpoint_completion_target     | 0.9     |      | sighup        | Time spent flushing dirty buffers during checkpoint, as fraction of checkpoint interval.
 effective_cache_size             | 2687582 | 8kB  | user          | Sets the planner's assumption about the total size of the data caches.
 effective_io_concurrency         | 1       |      | user          | Number of simultaneous requests that can be handled efficiently by the disk subsystem.
 log_min_duration_statement       | 1000    | ms   | rds_superuser | Sets the minimum execution time above which all statements will be logged.
 maintenance_work_mem             | 527360  | kB   | user          | Sets the maximum memory to be used for maintenance operations.
 max_connections                  | 3457    |      | postmaster    | Sets the maximum number of concurrent connections.
 max_parallel_maintenance_workers | 2       |      | user          | Sets the maximum number of parallel processes per maintenance operation.
 max_parallel_workers             | 8       |      | user          | Sets the maximum number of parallel workers that can be active at one time.
 max_parallel_workers_per_gather  | 2       |      | user          | Sets the maximum number of parallel processes per executor node.
 max_worker_processes             | 8       |      | postmaster    | Maximum number of concurrent worker processes.
 random_page_cost                 | 4       |      | user          | Sets the planner's estimate of the cost of a nonsequentially fetched disk page.
 shared_buffers                   | 2687582 | 8kB  | postmaster    | Sets the number of shared memory buffers used by the server.
 wal_buffers                      | -1      | 8kB  | postmaster    | Sets the number of disk-page buffers in shared memory for WAL.
 work_mem                         | 8192    | kB   | user          | Sets the maximum memory to be used for query workspaces.
(18 rows)

\echo '============================================================================'
============================================================================
\echo 'PART 10: HEALTH CHECK SUMMARY'
PART 10: HEALTH CHECK SUMMARY
\echo '============================================================================'
============================================================================
SELECT
    'Total Connections' AS metric,
    COUNT(*)::text AS value
FROM pg_stat_activity
WHERE pid != pg_backend_pid()
UNION ALL
SELECT
    'Active Queries',
    COUNT(*)::text
FROM pg_stat_activity
WHERE state = 'active' AND pid != pg_backend_pid()
UNION ALL
SELECT
    'Long Running (>5min)',
    COUNT(*)::text
FROM pg_stat_activity
WHERE state = 'active'
    AND query_start < now() - INTERVAL '5 minutes'
    AND pid != pg_backend_pid()
UNION ALL
SELECT
    'Idle in Transaction',
    COUNT(*)::text
FROM pg_stat_activity
WHERE state LIKE '%transaction%'
UNION ALL
SELECT
    'Active Locks',
    COUNT(*)::text
FROM pg_locks
WHERE NOT granted
UNION ALL
SELECT
    'Tables Needing VACUUM',
    COUNT(*)::text
FROM pg_stat_user_tables
WHERE n_dead_tup > n_live_tup * 0.1
UNION ALL
SELECT
    'Unused Indexes',
    COUNT(*)::text
FROM pg_stat_user_indexes
WHERE idx_scan = 0
    AND indexrelid NOT IN (SELECT indexrelid FROM pg_index WHERE indisprimary OR indisunique)
UNION ALL
SELECT
    'Cache Hit Ratio',
    ROUND((100.0 * SUM(blks_hit) / NULLIF(SUM(blks_hit) + SUM(blks_read), 0))::numeric, 2)::text || '%'
FROM pg_stat_database;
        metric         | value  
-----------------------+--------
 Total Connections     | 23
 Active Queries        | 0
 Long Running (>5min)  | 0
 Idle in Transaction   | 0
 Active Locks          | 0
 Tables Needing VACUUM | 4
 Unused Indexes        | 380
 Cache Hit Ratio       | 99.68%
(8 rows)

\echo '============================================================================'
============================================================================
\echo 'END OF FORMUNAUTS MONITORING SCRIPT'
END OF FORMUNAUTS MONITORING SCRIPT
\echo '============================================================================'
============================================================================
