-- ============================================================================
-- FORMUNAUTS MONITORING SCRIPT
-- Dostosowany do pg_stat_statements 1.4
-- ============================================================================
\echo '============================================================================'
============================================================================
\echo 'PART 1: PREPARATION - CHECKING EXTENSIONS'
PART 1: PREPARATION - CHECKING EXTENSIONS
\echo '============================================================================'
============================================================================
-- 1.1. Check installed extensions
SELECT 
    extname AS extension_name,
    extversion AS version,
    nspname AS schema
FROM pg_extension e
JOIN pg_namespace n ON e.extnamespace = n.oid
ORDER BY extname;
   extension_name   | version |   schema   
--------------------+---------+------------
 pg_stat_statements | 1.4     | public
 pg_trgm            | 1.6     | public
 pgcrypto           | 1.3     | public
 plpgsql            | 1.0     | pg_catalog
 postgis            | 3.4.0   | public
 postgis_raster     | 3.4.0   | public
(6 rows)

\echo '============================================================================'
============================================================================
\echo 'PART 2: SQL QUERY OPTIMIZATION'
PART 2: SQL QUERY OPTIMIZATION
\echo '============================================================================'
============================================================================
-- 2.1. TOP 20 slowest queries (by average execution time)
\echo '-- 2.1. TOP 20 slowest queries'
-- 2.1. TOP 20 slowest queries
SELECT 
    queryid,
    LEFT(query, 100) AS query_preview,
    calls,
    ROUND(total_time::numeric, 2) AS total_time_ms,
    ROUND(mean_time::numeric, 2) AS avg_time_ms,
    ROUND(min_time::numeric, 2) AS min_time_ms,
    ROUND(max_time::numeric, 2) AS max_time_ms,
    ROUND(stddev_time::numeric, 2) AS stddev_time_ms,
    rows,
    ROUND((100.0 * shared_blks_hit / NULLIF(shared_blks_hit + shared_blks_read, 0))::numeric, 2) AS cache_hit_ratio,
    shared_blks_read,
    shared_blks_hit,
    shared_blks_dirtied,
    shared_blks_written,
    temp_blks_read,
    temp_blks_written
FROM pg_stat_statements
WHERE query NOT LIKE '%pg_stat_statements%'
    AND query NOT LIKE 'DEALLOCATE%'
ORDER BY mean_time DESC
LIMIT 20;
       queryid        |                                            query_preview                                             | calls | total_time_ms | avg_time_ms | min_time_ms | max_time_ms | stddev_time_ms |  rows   | cache_hit_ratio | shared_blks_read | shared_blks_hit | shared_blks_dirtied | shared_blks_written | temp_blks_read | temp_blks_written 
----------------------+------------------------------------------------------------------------------------------------------+-------+---------------+-------------+-------------+-------------+----------------+---------+-----------------+------------------+-----------------+---------------------+---------------------+----------------+-------------------
 -7902923237970965675 | SELECT $1 AS "a" FROM "bureau_donation" INNER JOIN "bureau_campaign" ON ("bureau_donation"."campaign |    24 |      55798.07 |     2324.92 |     2125.43 |     2972.69 |         222.62 |       0 |          100.00 |                0 |         6070320 |                   0 |                   0 |              0 |                 0
  1858010825889304822 | SELECT "nanny_fundraiserworkshiftlocation"."id", "nanny_fundraiserworkshiftlocation"."modifytime", " |   256 |     451545.90 |     1763.85 |        4.71 |    13790.42 |        3209.32 |     275 |          100.00 |                0 |         2206452 |                   0 |                   0 |              0 |                 0
  -729373177099854881 | SELECT COUNT(*) AS "__count" FROM "bureau_donation" INNER JOIN "bureau_campaign" ON ("bureau_donatio |    41 |      54281.62 |     1323.94 |     1251.92 |     1878.84 |         107.36 |      41 |          100.00 |                0 |        20698752 |                   0 |                   0 |              0 |                 0
  7335334328110458048 | SELECT COUNT(*) AS "__count" FROM "bureau_donation" INNER JOIN "bureau_campaign" ON ("bureau_donatio |    73 |      96633.44 |     1323.75 |     1241.65 |     1614.13 |          74.82 |      73 |          100.00 |              144 |        36832469 |                   0 |                   0 |              0 |                 0
 -3737897023406270216 | SELECT "nanny_fundraiser"."id", "nanny_fundraiser"."createtime", "nanny_fundraiser"."modifytime", "n |     9 |      11130.66 |     1236.74 |     1130.00 |     1837.35 |         214.84 |   18649 |          100.00 |                0 |        10450787 |                   0 |                   0 |              0 |                 0
  8922495493500362301 | SELECT COUNT(*) AS "__count" FROM "bureau_donation" WHERE "bureau_donation"."finished_at" IS NOT NUL |    56 |      66841.05 |     1193.59 |      989.73 |     2327.99 |         305.42 |      56 |          100.00 |                0 |        14164080 |                   0 |                   0 |              0 |                 0
 -2814985145835381367 | SELECT $1 AS "a" FROM "bureau_donation" INNER JOIN "bureau_campaign" ON ("bureau_donation"."campaign |   116 |     134054.87 |     1155.65 |       23.04 |     5195.33 |        1210.60 |       1 |          100.00 |                0 |        13143546 |                   0 |                   0 |              0 |                 0
  2519937978026500864 | SELECT $1 AS "a" FROM "bureau_donation" INNER JOIN "bureau_campaign" ON ("bureau_donation"."campaign |   116 |     131296.65 |     1131.87 |       21.84 |     4496.44 |        1178.72 |       0 |          100.00 |                0 |        13149552 |                   0 |                   0 |              0 |                 0
  1293333526736700888 | SELECT "bureau_donation"."id" AS "id" FROM "bureau_donation" WHERE ("bureau_donation"."finished_at"  |     7 |       7373.10 |     1053.30 |     1016.84 |     1102.31 |          25.68 |  237003 |          100.00 |                0 |         1786260 |                   0 |                   0 |              0 |                 0
  3292620456934418803 | SELECT "bureau_donation"."id", "bureau_donation"."createtime", "bureau_donation"."modifytime", "bure |   256 |     208261.47 |      813.52 |        0.11 |    43915.78 |        3674.03 |     287 |           97.45 |           242083 |         9250781 |                   0 |                   0 |              0 |                 0
  -521059004520243712 | SELECT "actstream_action"."id", "actstream_action"."actor_content_type_id", "actstream_action"."acto |     2 |       1603.60 |      801.80 |        1.59 |     1602.01 |         800.21 |      11 |          100.00 |                0 |         1024524 |                   0 |                   0 |              0 |                 0
  6001426020531635488 | SELECT "donut_organization"."id", "donut_organization"."createtime", "donut_organization"."modifytim |    88 |      62413.04 |      709.24 |      590.38 |     1009.49 |         105.24 |     792 |          100.00 |               41 |        27086093 |                   0 |                   0 |              0 |                 0
 -1169293326375541642 | SELECT "bureau_donationfeedback"."id" AS "id" FROM "bureau_donationfeedback" INNER JOIN "bureau_dona |    11 |       7769.93 |      706.36 |      598.71 |     1034.18 |         153.61 |  197670 |          100.00 |                0 |         2865896 |                   0 |                   0 |              0 |                 0
  5300835910804196897 | SELECT "bureau_donationfeedback"."id" AS "id" FROM "bureau_donationfeedback" INNER JOIN "bureau_dona |   129 |      89926.77 |      697.11 |      544.75 |     1726.11 |         233.84 | 1473309 |          100.00 |                0 |        35530974 |                   0 |                   0 |              0 |                 0
 -5985668835752659476 | SELECT "bureau_donation"."id", "bureau_donation"."createtime", "bureau_donation"."modifytime", "bure | 67752 |   46461476.56 |      685.76 |        2.30 |     7721.92 |         651.78 |  895827 |          100.00 |           199482 |     44945402748 |                   0 |                   0 |       10444003 |          11269694
 -1438819265414754542 | SELECT "bureau_location"."id", "bureau_location"."createtime", "bureau_location"."modifytime", "bure |    27 |      18276.72 |      676.92 |      598.72 |      922.41 |          81.65 |   74659 |          100.00 |                0 |        17119227 |                   0 |                   0 |              0 |                 0
 -5761379152628039979 | SELECT "bureau_donationfeedback"."id" AS "id" FROM "bureau_donationfeedback" INNER JOIN "bureau_dona |    60 |      39124.74 |      652.08 |      570.14 |     1582.77 |         141.16 |  928620 |          100.00 |                0 |        15632160 |                   0 |                   0 |              0 |                 0
   849447334687009027 | SELECT COUNT(*) AS "__count" FROM "compliance_fundraiserphotoverification" LEFT OUTER JOIN "nanny_fu |    85 |      54454.48 |      640.64 |      578.44 |      932.46 |          62.85 |      85 |          100.00 |                0 |        54900353 |                   0 |                   0 |              0 |                 0
 -6364795451515319589 | SELECT COUNT(*) AS "__count" FROM "bureau_donation" INNER JOIN "bureau_campaign" ON ("bureau_donatio |     7 |       4243.39 |      606.20 |      544.79 |      767.12 |          80.06 |       7 |          100.00 |                0 |         1404076 |                   0 |                   0 |              0 |                 0
 -4632010528764644393 | SELECT "bureau_donationfeedback"."id" AS "id" FROM "bureau_donationfeedback" INNER JOIN "bureau_dona |     6 |       3622.72 |      603.79 |      565.52 |      641.01 |          25.84 |   97740 |          100.00 |                0 |         1563216 |                   0 |                   0 |              0 |                 0
(20 rows)

-- 2.2. Queries with highest total execution time
\echo '-- 2.2. Queries with highest total execution time'
-- 2.2. Queries with highest total execution time
SELECT
    queryid,
    LEFT(query, 100) AS query_preview,
    calls,
    ROUND(total_time::numeric, 2) AS total_time_ms,
    ROUND((total_time / 1000 / 60)::numeric, 2) AS total_time_minutes,
    ROUND(mean_time::numeric, 2) AS avg_time_ms,
    ROUND((100.0 * total_time / SUM(total_time) OVER ())::numeric, 2) AS pct_total_time,
    ROUND((100.0 * calls / SUM(calls) OVER ())::numeric, 2) AS pct_total_calls
FROM pg_stat_statements
WHERE query NOT LIKE '%pg_stat_statements%'
ORDER BY total_time DESC
LIMIT 20;
       queryid        |                                            query_preview                                             |  calls   | total_time_ms | total_time_minutes | avg_time_ms | pct_total_time | pct_total_calls 
----------------------+------------------------------------------------------------------------------------------------------+----------+---------------+--------------------+-------------+----------------+-----------------
  5670810822601916337 | SELECT COUNT(*) AS "__count" FROM "bureau_donation" INNER JOIN "bureau_campaign" ON ("bureau_donatio |   144450 |   63600886.18 |            1060.01 |      440.30 |          23.08 |            0.02
 -5985668835752659476 | SELECT "bureau_donation"."id", "bureau_donation"."createtime", "bureau_donation"."modifytime", "bure |    67752 |   46461476.56 |             774.36 |      685.76 |          16.86 |            0.01
 -1819256432490723818 | SELECT $1 AS "a" FROM "gamification_userachievement" WHERE ("gamification_userachievement"."awarded_ |   810031 |   37218923.41 |             620.32 |       45.95 |          13.51 |            0.12
  2849199190152761533 | SELECT "raisenow_epmswebhook"."id", "raisenow_epmswebhook"."createtime", "raisenow_epmswebhook"."mod |   239902 |   30315002.20 |             505.25 |      126.36 |          11.00 |            0.04
    90684422035062748 | SELECT "nanny_fundraiser"."id", "nanny_fundraiser"."createtime", "nanny_fundraiser"."modifytime", "n |    74657 |   11387730.39 |             189.80 |      152.53 |           4.13 |            0.01
  -565942562483367784 | SELECT "oauth2_provider_accesstoken"."id", "oauth2_provider_accesstoken"."user_id", "oauth2_provider |   235948 |   10014288.03 |             166.90 |       42.44 |           3.63 |            0.03
  3761414683431718933 | SELECT "bureau_location"."id", "bureau_location"."createtime", "bureau_location"."modifytime", "bure |  6188049 |    6740144.01 |             112.34 |        1.09 |           2.45 |            0.91
  1442782186870431275 | SELECT "tracking_event"."id" FROM "tracking_event" WHERE ("tracking_event"."fundraiser_id" = $1 AND  |  1182934 |    6069056.49 |             101.15 |        5.13 |           2.20 |            0.17
  4882978984515387001 | UPDATE "bureau_donation" SET "modifytime" = $1::timestamptz, "mailjet_message_id" = $2, "mailjet_sta |   492976 |    2785856.89 |              46.43 |        5.65 |           1.01 |            0.07
 -1492997749586237697 | INSERT INTO "reversion_version" ("revision_id", "object_id", "content_type_id", "db", "format", "ser |  1739077 |    2554036.29 |              42.57 |        1.47 |           0.93 |            0.26
  -439648924586459341 | SELECT "bureau_donation"."id", "bureau_donation"."createtime", "bureau_donation"."modifytime", "bure |     7944 |    2091136.31 |              34.85 |      263.23 |           0.76 |            0.00
 -2107835835832210308 | UPDATE "django_session" SET "session_data" = $1, "expire_date" = $2::timestamptz WHERE "django_sessi |  8804263 |    1578903.17 |              26.32 |        0.18 |           0.57 |            1.29
 -3171296077258171478 | SELECT "bureau_donation"."id", "bureau_donation"."createtime", "bureau_donation"."modifytime", "bure |   626548 |    1420994.28 |              23.68 |        2.27 |           0.52 |            0.09
  7356494101571929826 | SELECT "bureau_donation"."id" FROM "bureau_donation" WHERE ("bureau_donation"."finished_at" IS NOT N |  1996749 |    1420931.10 |              23.68 |        0.71 |           0.52 |            0.29
  3323176706724240224 | SELECT "nanny_team"."id", "nanny_team"."createtime", "nanny_team"."modifytime", "nanny_team"."custom |    45151 |    1368414.99 |              22.81 |       30.31 |           0.50 |            0.01
  8942792258322858049 | SELECT "bureau_donationfeedback"."id", "bureau_donationfeedback"."createtime", "bureau_donationfeedb |  1451075 |    1299470.49 |              21.66 |        0.90 |           0.47 |            0.21
 -7274856422342005030 | SELECT "bureau_campaign_translation"."id", "bureau_campaign_translation"."language_code", "bureau_ca |   428646 |    1195035.94 |              19.92 |        2.79 |           0.43 |            0.06
  6316898693424615138 | SELECT "bureau_campaign"."id", "bureau_campaign"."createtime", "bureau_campaign"."modifytime", "bure |  9950082 |    1171260.65 |              19.52 |        0.12 |           0.43 |            1.46
  7227471222576064961 | SELECT DISTINCT "taggit_tag"."id", "taggit_tag"."createtime", "taggit_tag"."modifytime", "taggit_tag | 13848478 |    1053985.71 |              17.57 |        0.08 |           0.38 |            2.03
  3042595531886733415 | SELECT $1 AS "a" FROM "bureau_donation" WHERE ("bureau_donation"."finished_at" IS NOT NULL AND "bure |     5356 |    1047489.26 |              17.46 |      195.57 |           0.38 |            0.00
(20 rows)

-- 2.3. Queries with worst cache hit ratio
\echo '-- 2.3. Queries with worst cache hit ratio'
-- 2.3. Queries with worst cache hit ratio
SELECT
    queryid,
    LEFT(query, 100) AS query_preview,
    calls,
    shared_blks_hit,
    shared_blks_read,
    ROUND((100.0 * shared_blks_hit / NULLIF(shared_blks_hit + shared_blks_read, 0))::numeric, 2) AS cache_hit_ratio,
    ROUND(mean_time::numeric, 2) AS avg_time_ms
FROM pg_stat_statements
WHERE (shared_blks_hit + shared_blks_read) > 0
    AND query NOT LIKE '%pg_stat_statements%'
ORDER BY (shared_blks_hit::float / NULLIF(shared_blks_hit + shared_blks_read, 0)) ASC
LIMIT 20;
       queryid        |                                            query_preview                                             | calls  | shared_blks_hit | shared_blks_read | cache_hit_ratio | avg_time_ms 
----------------------+------------------------------------------------------------------------------------------------------+--------+-----------------+------------------+-----------------+-------------
  -234403219961251161 | UPDATE "axes_accesslog" SET "logout_time" = $1::timestamptz WHERE ("axes_accesslog"."logout_time" IS |     36 |            6174 |             4064 |           60.30 |        7.56
  5764958021135519834 | SELECT $1 AS "a" FROM "nanny_jobapplication" WHERE "nanny_jobapplication"."hash" = $2 LIMIT $3       |     26 |              54 |               24 |           69.23 |        1.07
  1986923383655479497 | SELECT $1 AS "a" FROM "bureau_unfinisheddonation" WHERE "bureau_unfinisheddonation"."hash" = $2 LIMI |   1290 |            2793 |             1095 |           71.84 |        0.90
 -7698351665347917195 | SELECT "nanny_timeentry"."id", "nanny_timeentry"."createtime", "nanny_timeentry"."modifytime", "nann |      4 |               6 |                2 |           75.00 |        0.36
  2129769192201105818 | SELECT "oauth2_provider_refreshtoken"."id", "oauth2_provider_refreshtoken"."user_id", "oauth2_provid |     29 |              67 |               20 |           77.01 |        0.68
  6059011277705691928 | SELECT $1 AS "a" FROM "bureau_donationfeedback" WHERE "bureau_donationfeedback"."uid" = $2 LIMIT $3  |     49 |             159 |               42 |           79.10 |        1.19
 -1214530294239257109 | SELECT "api_webhookcondition"."id", "api_webhookcondition"."createtime", "api_webhookcondition"."mod |      5 |               4 |                1 |           80.00 |        0.14
  6939198741376311847 | FETCH FORWARD 2000 FROM "_django_curs_140220094307264_sync_650"                                      |      2 |               8 |                2 |           80.00 |        0.70
  7343429098743904460 | SELECT $1 AS "a" FROM "bureau_unfinisheddonation" WHERE "bureau_unfinisheddonation"."uid" = $2 LIMIT |    784 |            1888 |              464 |           80.27 |        0.61
 -3051256205274461993 | INSERT INTO "thumbnail_kvstore" ("key", "value") VALUES ($1, $2)                                     |   1905 |           12199 |             2276 |           84.28 |        1.29
  6171991926667466016 | SELECT $1 AS "a" FROM "nanny_fundraiserworkshift" WHERE ("nanny_fundraiserworkshift"."fundraiser_id" |    190 |             676 |              121 |           84.82 |        2.38
  6812847518579331104 | SELECT "raisenow_epmswebhook"."id", "raisenow_epmswebhook"."createtime", "raisenow_epmswebhook"."mod |     19 |             765 |              135 |           85.00 |        0.84
  2646981051201080600 | SELECT "thumbnail_kvstore"."key", "thumbnail_kvstore"."value" FROM "thumbnail_kvstore" WHERE "thumbn |   4277 |           11386 |             1885 |           85.80 |        0.46
  -999785395161026162 | SELECT $1 AS "a" FROM "bureau_donation" WHERE ("bureau_donation"."finished_at" IS NOT NULL AND "bure |  28194 |           97239 |            16047 |           85.83 |        0.60
 -6565755253098943789 | DELETE FROM "bureau_donation_form_additional_radio_buttons" WHERE "bureau_donation_form_additional_r |     11 |              55 |                9 |           85.94 |        0.84
  7152287569029947635 | UPDATE "bureau_donation" SET "modifytime" = $1::timestamptz, "raisenow_status" = $2, "raisenow_subsc |      2 |             339 |               54 |           86.26 |       24.63
  -149939567516614243 | SELECT $1 AS "a" FROM "bureau_donation" WHERE ("bureau_donation"."finished_at" IS NOT NULL AND "bure |   2801 |            7323 |             1080 |           87.15 |        0.42
  8969708427349651024 | SELECT COUNT(*) AS "__count" FROM "nanny_fundraiser" WHERE (NOT "nanny_fundraiser"."is_deleted" AND  |     29 |              67 |                9 |           88.16 |        0.33
 -5802185960682758782 | FETCH 100 FROM c1                                                                                    | 839536 |         3102175 |           404413 |           88.47 |        0.06
  3705644938388121338 | SELECT "nanny_jobapplication"."id", "nanny_jobapplication"."createtime", "nanny_jobapplication"."mod |     80 |             501 |               62 |           88.99 |        0.73
(20 rows)

-- 2.4. Queries using temp files
\echo '-- 2.4. Queries using temp files'
-- 2.4. Queries using temp files
SELECT
    queryid,
    LEFT(query, 100) AS query_preview,
    calls,
    temp_blks_read,
    temp_blks_written,
    ROUND((temp_blks_written * 8192 / 1024.0 / 1024.0)::numeric, 2) AS temp_mb_written,
    ROUND(mean_time::numeric, 2) AS avg_time_ms,
    ROUND((mean_time * calls / 1000)::numeric, 2) AS total_time_sec
FROM pg_stat_statements
WHERE temp_blks_written > 0
ORDER BY temp_blks_written DESC
LIMIT 20;
       queryid        |                                            query_preview                                             | calls | temp_blks_read | temp_blks_written | temp_mb_written | avg_time_ms | total_time_sec 
----------------------+------------------------------------------------------------------------------------------------------+-------+----------------+-------------------+-----------------+-------------+----------------
    90684422035062748 | SELECT "nanny_fundraiser"."id", "nanny_fundraiser"."createtime", "nanny_fundraiser"."modifytime", "n | 74657 |       99687480 |         133329110 |      1041633.67 |      152.53 |       11387.73
 -5985668835752659476 | SELECT "bureau_donation"."id", "bureau_donation"."createtime", "bureau_donation"."modifytime", "bure | 67752 |       10444003 |          11269694 |        88044.48 |      685.76 |       46461.48
 -4983899007643508775 | SELECT "bureau_donation"."id", "bureau_donation"."createtime", "bureau_donation"."modifytime", "bure |   578 |         165549 |            289019 |         2257.96 |      176.11 |         101.79
 -8394343947122051812 | SELECT "bureau_donation"."id" AS "id" FROM "bureau_donation" WHERE ("bureau_donation"."finished_at"  |  1914 |          15101 |             15126 |          118.17 |      132.79 |         254.17
 -1000542638641792443 | SELECT                                                                                              +|     1 |           7393 |              5604 |           43.78 |      194.75 |           0.19
                      |     queryid,                                                                                        +|       |                |                   |                 |             | 
                      |     LEFT(query, $1) AS query_preview,                                                               +|       |                |                   |                 |             | 
                      |     calls,                                                                                          +|       |                |                   |                 |             | 
                      |     ROUND((total_time / $2 / $                                                                       |       |                |                   |                 |             | 
  4819154194713609545 | SELECT                                                                                              +|     1 |           7164 |              5395 |           42.15 |      199.68 |           0.20
                      |     queryid,                                                                                        +|       |                |                   |                 |             | 
                      |     LEFT(query, $1) AS query_preview,                                                               +|       |                |                   |                 |             | 
                      |     calls,                                                                                          +|       |                |                   |                 |             | 
                      |     ROUND(total_time::numeric,                                                                       |       |                |                   |                 |             | 
                      | <insufficient privilege>                                                                             |     1 |           4947 |              4948 |           38.66 |      178.52 |           0.18
  4865480712494231658 | SELECT $1 AS severity, $2 AS issue,                                                                 +|     1 |           2849 |              2849 |           22.26 |       83.44 |           0.08
                      |     (SELECT count(*) FROM pg_class c JOIN pg_namespace n ON n.o                                      |       |                |                   |                 |             | 
  1777948166500910635 | SELECT                                                                                              +|     1 |           2845 |              2845 |           22.23 |       58.62 |           0.06
                      |     queryid,                                                                                        +|       |                |                   |                 |             | 
                      |     LEFT(query, $1) AS query_preview,                                                               +|       |                |                   |                 |             | 
                      |     calls,                                                                                          +|       |                |                   |                 |             | 
                      |     temp_blks_read,                                                                                 +|       |                |                   |                 |             | 
                      |     temp_b                                                                                           |       |                |                   |                 |             | 
  1212344109996837266 | SELECT                                                                                              +|     1 |           2845 |              2845 |           22.23 |       58.88 |           0.06
                      |     queryid,                                                                                        +|       |                |                   |                 |             | 
                      |     LEFT(query, $1) AS query_preview,                                                               +|       |                |                   |                 |             | 
                      |     calls,                                                                                          +|       |                |                   |                 |             | 
                      |     shared_blks_dirtied,                                                                            +|       |                |                   |                 |             | 
                      |     s                                                                                                |       |                |                   |                 |             | 
  7222305374616902609 | SELECT                                                                                              +|     1 |           2845 |              2845 |           22.23 |      154.31 |           0.15
                      |     queryid,                                                                                        +|       |                |                   |                 |             | 
                      |     LEFT(query, $1) AS query_preview,                                                               +|       |                |                   |                 |             | 
                      |     calls,                                                                                          +|       |                |                   |                 |             | 
                      |     ROUND((mean_time)::numeric                                                                       |       |                |                   |                 |             | 
  2331617211131377278 | SELECT                                                                                              +|     1 |           2845 |              2845 |           22.23 |       59.95 |           0.06
                      |     queryid,                                                                                        +|       |                |                   |                 |             | 
                      |     LEFT(query, $1) AS query_preview,                                                               +|       |                |                   |                 |             | 
                      |     calls,                                                                                          +|       |                |                   |                 |             | 
                      |     ROUND(mean_time::numeric,                                                                        |       |                |                   |                 |             | 
  1217402210156250104 | SELECT                                                                                              +|     1 |           2845 |              2845 |           22.23 |       59.52 |           0.06
                      |     queryid,                                                                                        +|       |                |                   |                 |             | 
                      |     LEFT(query, $1) AS query_preview,                                                               +|       |                |                   |                 |             | 
                      |     calls,                                                                                          +|       |                |                   |                 |             | 
                      |     shared_blks_read,                                                                               +|       |                |                   |                 |             | 
                      |     shar                                                                                             |       |                |                   |                 |             | 
  3623783095131157439 | SELECT                                                                                              +|     1 |           2844 |              2844 |           22.22 |      173.77 |           0.17
                      |     queryid,                                                                                        +|       |                |                   |                 |             | 
                      |     LEFT(query, $1) AS query_preview,                                                               +|       |                |                   |                 |             | 
                      |     calls,                                                                                          +|       |                |                   |                 |             | 
                      |     ROUND((mean_time / $2)::nu                                                                       |       |                |                   |                 |             | 
  2595655550555643701 | SELECT                                                                                              +|     1 |           2738 |              2738 |           21.39 |      176.20 |           0.18
                      |     queryid,                                                                                        +|       |                |                   |                 |             | 
                      |     LEFT(query, $1) AS query_preview,                                                               +|       |                |                   |                 |             | 
                      |     calls,                                                                                          +|       |                |                   |                 |             | 
                      |     ROUND(total_time::numeric,                                                                       |       |                |                   |                 |             | 
   -14021569594183418 | SELECT                                                                                              +|     1 |           2738 |              2738 |           21.39 |      145.11 |           0.15
                      |     queryid,                                                                                        +|       |                |                   |                 |             | 
                      |     LEFT(query, $1) AS query_preview,                                                               +|       |                |                   |                 |             | 
                      |     calls,                                                                                          +|       |                |                   |                 |             | 
                      |     shared_blks_hit,                                                                                +|       |                |                   |                 |             | 
                      |     shared                                                                                           |       |                |                   |                 |             | 
  8773335942404376151 | FETCH FORWARD 2000 FROM "_django_curs_140054700846016_sync_1280"                                     |    15 |           2907 |                 1 |            0.01 |        1.10 |           0.02
 -3747569389873524366 | FETCH FORWARD 2000 FROM "_django_curs_139958519790528_sync_1661"                                     |     8 |           1085 |                 1 |            0.01 |        0.54 |           0.00
 -4379154688090863617 | FETCH FORWARD 2000 FROM "_django_curs_140054700846016_sync_1496"                                     |     6 |           1085 |                 1 |            0.01 |        0.86 |           0.01
 -2488976815240375610 | FETCH FORWARD 2000 FROM "_django_curs_139650468146112_sync_1359"                                     |     6 |           1085 |                 1 |            0.01 |        0.87 |           0.01
(20 rows)

-- 2.5. Queries with high execution time variance
\echo '-- 2.5. Queries with high variance'
-- 2.5. Queries with high variance
SELECT
    queryid,
    LEFT(query, 100) AS query_preview,
    calls,
    ROUND(mean_time::numeric, 2) AS avg_time_ms,
    ROUND(stddev_time::numeric, 2) AS stddev_ms,
    ROUND((stddev_time / NULLIF(mean_time, 0))::numeric, 2) AS coefficient_of_variation,
    ROUND(min_time::numeric, 2) AS min_time_ms,
    ROUND(max_time::numeric, 2) AS max_time_ms
FROM pg_stat_statements
WHERE calls > 10
    AND mean_time > 0
    AND query NOT LIKE '%pg_stat_statements%'
ORDER BY (stddev_time / NULLIF(mean_time, 0)) DESC
LIMIT 20;
       queryid        |                                            query_preview                                             |  calls  | avg_time_ms | stddev_ms | coefficient_of_variation | min_time_ms | max_time_ms 
----------------------+------------------------------------------------------------------------------------------------------+---------+-------------+-----------+--------------------------+-------------+-------------
  6939244690247880689 | SELECT $2 FROM ONLY "public"."bureau_campaignadditionalcheckbox" x WHERE "id" OPERATOR(pg_catalog.=) |  193964 |        0.03 |      1.63 |                    59.43 |        0.00 |      288.87
 -3171296077258171478 | SELECT "bureau_donation"."id", "bureau_donation"."createtime", "bureau_donation"."modifytime", "bure |  626548 |        2.27 |     93.12 |                    41.06 |        0.05 |    42600.37
   717152929703247964 | SELECT $2 FROM ONLY "public"."oauth2_provider_refreshtoken" x WHERE $1 OPERATOR(pg_catalog.=) "acces |  620731 |        0.01 |      0.27 |                    37.40 |        0.00 |       67.69
 -7985650952072736682 | SELECT "bureau_donation"."id", "bureau_donation"."createtime", "bureau_donation"."modifytime", "bure |  214251 |        0.57 |     19.40 |                    33.85 |        0.05 |     3756.60
  9203864819770994925 | SELECT $2 FROM ONLY "public"."oauth2_provider_accesstoken" x WHERE "id" OPERATOR(pg_catalog.=) $1 FO |  875643 |        0.01 |      0.27 |                    25.03 |        0.00 |       51.46
  8995813768079958177 | SELECT "bureau_donation"."id", "bureau_donation"."createtime", "bureau_donation"."modifytime", "bure |  203140 |        1.35 |     32.56 |                    24.13 |        0.02 |     4533.55
  7278365819909546440 | SELECT $1 AS "a" FROM "bureau_petition" WHERE ("bureau_petition"."fundraiser_id" = $2 AND ("bureau_p | 1255221 |        0.04 |      0.85 |                    23.27 |        0.01 |      371.83
 -6109429613247859718 | DELETE FROM "bureau_unfinisheddonationadditionalsignature" WHERE "bureau_unfinisheddonationadditiona |    1421 |        0.19 |      3.92 |                    20.42 |        0.02 |      146.41
  8904615412666155357 | SELECT "tracking_event"."id", "tracking_event"."createtime", "tracking_event"."modifytime", "trackin |  769997 |        0.05 |      0.91 |                    19.94 |        0.02 |      521.79
 -8703337124446720261 | SELECT COUNT(*) AS "__count" FROM "donut_odometercount" WHERE ("donut_odometercount"."customer_id" = |   12972 |        3.43 |     61.13 |                    17.84 |        0.01 |     4539.69
  5914417469771855115 | SELECT "bureau_donation"."id", "bureau_donation"."createtime", "bureau_donation"."modifytime", "bure |     612 |        1.41 |     17.88 |                    12.71 |        0.16 |      413.66
  8942792258322858049 | SELECT "bureau_donationfeedback"."id", "bureau_donationfeedback"."createtime", "bureau_donationfeedb | 1451075 |        0.90 |      9.27 |                    10.35 |        0.01 |     1863.10
  5399108076538916262 | SELECT "bureau_campaign"."id", "bureau_campaign"."public_refid_min", "bureau_campaign"."public_refid |   22905 |        3.45 |     35.12 |                    10.19 |        0.02 |     1933.45
 -9000605706373130031 | SELECT "bureau_recordexporthistory"."id", "bureau_recordexporthistory"."confirmed_at" FROM "bureau_r |    3108 |        0.33 |      3.30 |                     9.98 |        0.01 |       49.61
  5799107846777499163 | SELECT "bureau_donationfeedback"."id", "bureau_donationfeedback"."createtime", "bureau_donationfeedb |  145584 |        0.61 |      6.04 |                     9.87 |        0.01 |      700.20
  5777490466910128794 | SELECT "bureau_petition"."id", "bureau_petition"."createtime", "bureau_petition"."modifytime", "bure |    4975 |        0.07 |      0.68 |                     9.80 |        0.02 |       32.82
 -5518842822416093631 | SELECT $1 AS "a" FROM "bureau_petition" WHERE ("bureau_petition"."fundraiser_id" = $2 AND "bureau_pe |  146114 |        0.02 |      0.21 |                     9.37 |        0.01 |       27.55
  3119921949788041929 | UPDATE "bureau_campaign" SET "sms_odometer" = $1 WHERE "bureau_campaign"."id" = $2                   |   29162 |        0.39 |      3.61 |                     9.30 |        0.08 |      439.08
 -4534975154468001768 | SELECT "bureau_recordexporthistory"."id", "bureau_recordexporthistory"."content_type_id", "bureau_re |     425 |        0.11 |      0.97 |                     9.15 |        0.01 |       19.99
 -3313501274628866615 | SELECT "dataflow_workflowcondition"."id", "dataflow_workflowcondition"."createtime", "dataflow_workf |     287 |        0.06 |      0.54 |                     9.10 |        0.01 |        9.17
(20 rows)

\echo '============================================================================'
============================================================================
\echo 'PART 3: INDEX ANALYSIS'
PART 3: INDEX ANALYSIS
\echo '============================================================================'
============================================================================
-- 3.1. Sequential scans vs Index scans ratio
\echo '-- 3.1. Sequential vs Index scans'
-- 3.1. Sequential vs Index scans
SELECT
    schemaname,
    relname AS table_name,
    seq_scan,
    seq_tup_read,
    idx_scan,
    COALESCE(idx_tup_fetch, 0) AS idx_tup_fetch,
    CASE
        WHEN seq_scan = 0 THEN 0
        ELSE ROUND((seq_tup_read::numeric / seq_scan), 2)
    END AS avg_seq_tup_per_scan,
    ROUND((100.0 * idx_scan / NULLIF(seq_scan + idx_scan, 0))::numeric, 2) AS index_usage_pct,
    pg_size_pretty(pg_total_relation_size(schemaname||'.'||relname)) AS total_size
FROM pg_stat_user_tables
WHERE seq_scan > 0 OR idx_scan > 0
ORDER BY seq_scan DESC, seq_tup_read DESC
LIMIT 30;
 schemaname |                         table_name                          | seq_scan | seq_tup_read | idx_scan  | idx_tup_fetch | avg_seq_tup_per_scan | index_usage_pct | total_size 
------------+-------------------------------------------------------------+----------+--------------+-----------+---------------+----------------------+-----------------+------------
 public     | django_content_type                                         | 47177448 |   6375891187 |  96862771 |      91317973 |               135.15 |           67.25 | 104 kB
 public     | auth_group                                                  | 21773044 |    329964933 | 117354416 |       1620148 |                15.15 |           84.35 | 88 kB
 public     | bureau_locationpermit                                       | 14183500 |    296748189 |        18 |             0 |                20.92 |            0.00 | 104 kB
 public     | donut_currency                                              | 11789333 |    106329978 |   6291498 |        843152 |                 9.02 |           34.80 | 72 kB
 public     | donut_country                                               | 11789181 |    457586246 |  13198020 |      23485817 |                38.81 |           52.82 | 288 kB
 public     | donut_paymentmethod                                         | 10696116 |    254256379 |  46244433 |      39652092 |                23.77 |           81.22 | 104 kB
 public     | donut_customer                                              |  8443557 |   2023399556 | 520749945 |     411788543 |               239.64 |           98.40 | 416 kB
 public     | bureau_campaignadditionalsignature                          |  7464177 |    835796044 |    109428 |          9240 |               111.97 |            1.44 | 152 kB
 public     | bureau_location                                             |  6441660 |  19131034305 | 282100678 |     432764672 |              2969.89 |           97.77 | 9584 kB
 public     | django_celery_beat_periodictasks                            |  2703485 |      2703485 |     21099 |         21099 |                 1.00 |            0.77 | 168 kB
 public     | dataflow_recordvalidation                                   |  2220317 |     43100452 |   6521770 |        323576 |                19.41 |           74.60 | 80 kB
 public     | donut_organization                                          |  2199327 |     83476759 |   1244469 |       1076666 |                37.96 |           36.14 | 112 kB
 public     | gamification_userachievement                                |  2004197 | 323357373271 | 323285292 |    7045638885 |            161340.11 |           99.38 | 162 MB
 public     | features_featureflag                                        |  1618715 |      5640472 |        38 |            37 |                 3.48 |            0.00 | 112 kB
 public     | statistics_dashboardsetup                                   |  1607496 |    439462990 |     69205 |        110438 |               273.38 |            4.13 | 160 kB
 public     | bureau_recruitingsettingsrangeslider                        |  1572333 |            0 |         0 |             0 |                 0.00 |            0.00 | 56 kB
 public     | bureau_recruitingsettingsadditionalcheckboxgroup            |  1566266 |            0 |         0 |             0 |                 0.00 |            0.00 | 56 kB
 public     | bureau_recruitingsettingsadditionalradiogroup               |  1566266 |            0 |         0 |             0 |                 0.00 |            0.00 | 56 kB
 public     | bureau_recruitingsettingsadditionaltextfield                |  1566266 |            0 |         0 |             0 |                 0.00 |            0.00 | 56 kB
 public     | bureau_campaignrangeslider                                  |  1373438 |     44858763 |    307869 |          4210 |                32.66 |           18.31 | 152 kB
 public     | trainingcenter_quizgroup_organizations                      |  1279795 |    152991404 |   2590686 |        157899 |               119.54 |           66.93 | 104 kB
 public     | axes_accessattempt                                          |  1259205 |     13416130 |      3182 |         15434 |                10.65 |            0.25 | 592 kB
 public     | trainingcenter_quizgroup                                    |  1252084 |    250176059 |  12536156 |       3428391 |               199.81 |           90.92 | 112 kB
 public     | trainingcenter_quizgroup_customers                          |  1247601 |    435811721 |   2759890 |        410202 |               349.32 |           68.87 | 128 kB
 public     | trainingcenter_quizgroup_campaigns                          |  1241931 |    957319140 |   2732169 |        986443 |               770.83 |           68.75 | 224 kB
 public     | trainingcenter_quizgroup_additional_fundraisers             |  1238607 |    162279019 |   2477662 |        421232 |               131.02 |           66.67 | 104 kB
 public     | donut_country_translation                                   |  1230583 |    264470297 |        18 |            14 |               214.91 |            0.00 | 280 kB
 public     | donut_asset                                                 |  1184137 |   1521759987 |      2556 |          2556 |              1285.12 |            0.22 | 264 kB
 public     | bureau_customerrecruitingsettings_campaigns_for_suggestions |   785581 |     83010539 |   1570856 |         39992 |               105.67 |           66.66 | 104 kB
 public     | bureau_recruitingcampaign                                   |   776470 |    109950183 |   3180095 |         88848 |               141.60 |           80.38 | 104 kB
(30 rows)

-- 3.2. Unused indexes
\echo '-- 3.2. Unused indexes'
-- 3.2. Unused indexes
SELECT
    schemaname,
    relname AS table_name,
    indexrelname AS index_name,
    idx_scan,
    pg_size_pretty(pg_relation_size(indexrelid)) AS index_size,
    pg_size_pretty(pg_total_relation_size(relid)) AS table_size
FROM pg_stat_user_indexes
WHERE idx_scan = 0
    AND indexrelid NOT IN (SELECT indexrelid FROM pg_index WHERE indisprimary OR indisunique)
ORDER BY pg_relation_size(indexrelid) DESC
LIMIT 30;
 schemaname |                table_name                 |                          index_name                           | idx_scan | index_size | table_size 
------------+-------------------------------------------+---------------------------------------------------------------+----------+------------+------------
 public     | tracking_event                            | tracking_event_name_173b6385_like                             |        0 | 528 MB     | 6160 MB
 public     | tracking_event                            | tracking_event_name_173b6385                                  |        0 | 528 MB     | 6160 MB
 public     | tracking_event                            | tracking_event_createtime_abc4b470                            |        0 | 240 MB     | 6160 MB
 public     | actstream_action                          | actstream_action_verb_83f768b7                                |        0 | 132 MB     | 1531 MB
 public     | actstream_action                          | actstream_action_verb_83f768b7_like                           |        0 | 132 MB     | 1531 MB
 public     | bureau_paymentattempt                     | bureau_paymentattempt_createtime_fb9d3495                     |        0 | 131 MB     | 1255 MB
 public     | bureau_donation                           | bureau_donation_mailjet_message_id_a2dba5d8_like              |        0 | 96 MB      | 4516 MB
 public     | oauth2_provider_refreshtoken              | oauth2_provider_refreshtoken_6bc0a4eb                         |        0 | 96 MB      | 588 MB
 public     | donut_odometercount                       | donut_odome_campaig_081865_idx                                |        0 | 92 MB      | 937 MB
 public     | donut_odometercount                       | donut_odometercount_00eb2274                                  |        0 | 92 MB      | 937 MB
 public     | actstream_action                          | actstream_action_actor_object_id_72ef0cfa_like                |        0 | 86 MB      | 1531 MB
 public     | actstream_action                          | actstream_action_public_ac0653e9                              |        0 | 82 MB      | 1531 MB
 public     | actstream_action                          | actstream_action_action_object_object_id_6433bdf7_like        |        0 | 82 MB      | 1531 MB
 public     | actstream_action                          | actstream_action_action_object_object_id_6433bdf7             |        0 | 82 MB      | 1531 MB
 public     | donut_odometercount                       | donut_odometercount_createtime_31141ed9                       |        0 | 72 MB      | 937 MB
 public     | bureau_sms                                | bureau_sms_00eb2274                                           |        0 | 54 MB      | 678 MB
 public     | nanny_fundraiserworkshift                 | nanny_fundraiserworkshift_createtime_c43c9641                 |        0 | 45 MB      | 422 MB
 public     | raisenow_epmswebhook                      | raisenow_epmswebhook_event_id_206245a0_like                   |        0 | 44 MB      | 699 MB
 public     | bureau_sms                                | bureau_sms_createtime_db256505                                |        0 | 42 MB      | 678 MB
 public     | nanny_donationcampaignfundraiserworkshift | nanny_donationcampaignfundraiserworkshift_createtime_2e38a9e5 |        0 | 36 MB      | 270 MB
 public     | bureau_donation                           | bureau_donation_raisenow_epp_transaction_id_c7002668_like     |        0 | 36 MB      | 4516 MB
 public     | bureau_donation                           | bureau_donation_fallback_mailjet_message_id_e912f78c_like     |        0 | 26 MB      | 4516 MB
 public     | bureau_donation                           | bureau_donation_raisenow_subscription_uuid_0cd11263_like      |        0 | 26 MB      | 4516 MB
 public     | bureau_donation                           | bureau_donation_mailjet_status_8cc3c334                       |        0 | 20 MB      | 4516 MB
 public     | bureau_donation                           | bureau_donation_raisenow_subscription_token_c319315c_like     |        0 | 20 MB      | 4516 MB
 public     | bureau_donation                           | bureau_donation_status_charity_85342ae0                       |        0 | 19 MB      | 4516 MB
 public     | bureau_donation                           | bureau_donation_status_agency_d435cac5                        |        0 | 19 MB      | 4516 MB
 public     | bureau_recordimporthistory                | bureau_recordimporthistory_application_id_0b5e201c            |        0 | 19 MB      | 1016 MB
 public     | bureau_donation                           | bureau_donation_raisenow_status_82127d4c                      |        0 | 19 MB      | 4516 MB
 public     | bureau_donation                           | bureau_donation_raisenow_subscription_id_ffd8826d_like        |        0 | 19 MB      | 4516 MB
(30 rows)

-- 3.3. Duplicate indexes
\echo '-- 3.3. Duplicate indexes'
-- 3.3. Duplicate indexes
SELECT
    pg_size_pretty(SUM(pg_relation_size(idx))::bigint) AS size,
    (ARRAY_AGG(idx))[1] AS idx1,
    (ARRAY_AGG(idx))[2] AS idx2,
    (ARRAY_AGG(idx))[3] AS idx3
FROM (
    SELECT
        indexrelid::regclass AS idx,
        (indrelid::text || E'\n' || indclass::text || E'\n' || indkey::text || E'\n' ||
         COALESCE(indexprs::text, '') || E'\n' || COALESCE(indpred::text, '')) AS key
    FROM pg_index
) sub
GROUP BY key
HAVING COUNT(*) > 1
ORDER BY SUM(pg_relation_size(idx)) DESC;
  size   |                              idx1                               |              idx2              | idx3 
---------+-----------------------------------------------------------------+--------------------------------+------
 110 MB  | bureau_donation_uid_3e101b71e34b3bdc_uniq                       | bureau_donation_9871d3a2       | 
 11 MB   | nanny_jobapplication_uid_66c55f48cee1a08e_uniq                  | nanny_jobapplication_9871d3a2  | 
 6288 kB | bureau_petition_uid_33e2bd1f6b1a33f4_uniq                       | bureau_petition_9871d3a2       | 
 3032 kB | nanny_timeentry_uid_10c5a1d724fa27fb_uniq                       | nanny_timeentry_9871d3a2       | 
 416 kB  | transfer_key_unique_instance                                    | utils_trans_content_70782a_idx | 
 168 kB  | bureau_campaign_payment_method_campaign_id_paymentmethod_id_key | campaign_payment_method_unique | 
(6 rows)

-- 3.4. Missing indexes
\echo '-- 3.4. Missing indexes (high seq scans)'
-- 3.4. Missing indexes (high seq scans)
SELECT
    schemaname,
    relname AS table_name,
    seq_scan,
    seq_tup_read,
    CASE WHEN seq_scan > 0 THEN seq_tup_read / seq_scan ELSE 0 END AS avg_tup_per_scan,
    idx_scan,
    n_live_tup,
    pg_size_pretty(pg_total_relation_size(schemaname||'.'||relname)) AS table_size
FROM pg_stat_user_tables
WHERE seq_scan > 100
    AND n_live_tup > 10000
    AND (idx_scan IS NULL OR idx_scan < seq_scan * 0.1)
ORDER BY seq_tup_read DESC
LIMIT 20;
 schemaname |         table_name         | seq_scan | seq_tup_read | avg_tup_per_scan | idx_scan | n_live_tup | table_size 
------------+----------------------------+----------+--------------+------------------+----------+------------+------------
 public     | donut_currencyexchangerate |      261 |     30139364 |           115476 |        0 |     116685 | 10168 kB
(1 row)

\echo '============================================================================'
============================================================================
\echo 'PART 4: CONNECTIONS AND SESSIONS'
PART 4: CONNECTIONS AND SESSIONS
\echo '============================================================================'
============================================================================
-- 4.1. Current connections summary
\echo '-- 4.1. Connections summary'
-- 4.1. Connections summary
SELECT
    datname AS database,
    usename AS username,
    state,
    COUNT(*) AS connections,
    MAX(EXTRACT(EPOCH FROM (now() - backend_start)))::int AS max_conn_age_sec
FROM pg_stat_activity
WHERE pid != pg_backend_pid()
GROUP BY datname, usename, state
ORDER BY connections DESC;
  database  |                     username                     | state | connections | max_conn_age_sec 
------------+--------------------------------------------------+-------+-------------+------------------
 formunauts | rUwrGvbinkSw3vpEr5r6TylOxMoWojM98kOS9n53kEUXXatt | idle  |          11 |              557
            |                                                  |       |           6 |          9663592
 rdsadmin   | rdsadmin                                         |       |           4 |                 
            | rdsadmin                                         |       |           1 |                 
 postgres   | rdsadmin                                         |       |           1 |                 
(5 rows)

-- 4.2. Long running queries
\echo '-- 4.2. Long running queries (> 1 min)'
-- 4.2. Long running queries (> 1 min)
SELECT
    pid,
    usename,
    datname,
    state,
    EXTRACT(EPOCH FROM (now() - query_start))::int AS duration_sec,
    wait_event_type,
    wait_event,
    LEFT(query, 200) AS query
FROM pg_stat_activity
WHERE state = 'active'
    AND query_start < now() - INTERVAL '1 minute'
    AND pid != pg_backend_pid()
ORDER BY query_start;
 pid | usename | datname | state | duration_sec | wait_event_type | wait_event | query 
-----+---------+---------+-------+--------------+-----------------+------------+-------
(0 rows)

-- 4.3. Idle in transaction
\echo '-- 4.3. Idle in transaction'
-- 4.3. Idle in transaction
SELECT
    pid,
    usename,
    datname,
    state,
    EXTRACT(EPOCH FROM (now() - state_change))::int AS idle_in_txn_sec,
    LEFT(query, 200) AS last_query
FROM pg_stat_activity
WHERE state LIKE '%transaction%'
ORDER BY state_change;
 pid | usename | datname | state | idle_in_txn_sec | last_query 
-----+---------+---------+-------+-----------------+------------
(0 rows)

\echo '============================================================================'
============================================================================
\echo 'PART 5: LOCKS AND BLOCKING'
PART 5: LOCKS AND BLOCKING
\echo '============================================================================'
============================================================================
-- 5.1. Current locks
\echo '-- 5.1. Current locks'
-- 5.1. Current locks
SELECT
    l.pid,
    l.locktype,
    l.mode,
    l.granted,
    l.relation::regclass AS relation,
    a.usename,
    a.state,
    LEFT(a.query, 100) AS query
FROM pg_locks l
JOIN pg_stat_activity a ON l.pid = a.pid
WHERE l.relation IS NOT NULL
    AND a.pid != pg_backend_pid()
ORDER BY l.granted, l.pid;
 pid | locktype | mode | granted | relation | usename | state | query 
-----+----------+------+---------+----------+---------+-------+-------
(0 rows)

-- 5.2. Blocking queries
\echo '-- 5.2. Blocking queries'
-- 5.2. Blocking queries
SELECT
    blocked.pid AS blocked_pid,
    blocked.usename AS blocked_user,
    blocking.pid AS blocking_pid,
    blocking.usename AS blocking_user,
    LEFT(blocked.query, 100) AS blocked_query,
    LEFT(blocking.query, 100) AS blocking_query
FROM pg_stat_activity blocked
JOIN pg_locks blocked_locks ON blocked.pid = blocked_locks.pid
JOIN pg_locks blocking_locks ON blocked_locks.locktype = blocking_locks.locktype
    AND blocked_locks.relation = blocking_locks.relation
    AND blocked_locks.pid != blocking_locks.pid
JOIN pg_stat_activity blocking ON blocking_locks.pid = blocking.pid
WHERE NOT blocked_locks.granted
    AND blocking_locks.granted;
 blocked_pid | blocked_user | blocking_pid | blocking_user | blocked_query | blocking_query 
-------------+--------------+--------------+---------------+---------------+----------------
(0 rows)

\echo '============================================================================'
============================================================================
\echo 'PART 6: TABLE STATISTICS'
PART 6: TABLE STATISTICS
\echo '============================================================================'
============================================================================
-- 6.1. Table sizes
\echo '-- 6.1. Table sizes'
-- 6.1. Table sizes
SELECT
    schemaname,
    relname AS table_name,
    pg_size_pretty(pg_total_relation_size(schemaname||'.'||relname)) AS total_size,
    pg_size_pretty(pg_relation_size(schemaname||'.'||relname)) AS table_size,
    pg_size_pretty(pg_indexes_size(relid)) AS indexes_size,
    n_live_tup AS live_rows,
    n_dead_tup AS dead_rows,
    ROUND(100.0 * n_dead_tup / NULLIF(n_live_tup + n_dead_tup, 0), 2) AS dead_pct
FROM pg_stat_user_tables
ORDER BY pg_total_relation_size(schemaname||'.'||relname) DESC
LIMIT 30;
 schemaname |                  table_name                   | total_size | table_size | indexes_size | live_rows | dead_rows | dead_pct 
------------+-----------------------------------------------+------------+------------+--------------+-----------+-----------+----------
 public     | bureau_recordexporthistory                    | 11 GB      | 9469 MB    | 2216 MB      |  19432973 |      4087 |     0.02
 public     | tracking_event                                | 6160 MB    | 3986 MB    | 2173 MB      |  11183434 |      1174 |     0.01
 public     | reversion_version                             | 5791 MB    | 763 MB     | 639 MB       |   1344677 |       351 |     0.03
 public     | reversion_revision                            | 5433 MB    | 3149 MB    | 2283 MB      |  31597631 |      7953 |     0.03
 public     | bureau_donation                               | 4516 MB    | 1976 MB    | 1607 MB      |   2588267 |      3532 |     0.14
 public     | donut_webrequest                              | 3280 MB    | 498 MB     | 590 MB       |    324691 |      1899 |     0.58
 public     | nanny_team_locations                          | 1541 MB    | 339 MB     | 1202 MB      |   7992471 |     19624 |     0.24
 public     | actstream_action                              | 1531 MB    | 271 MB     | 1259 MB      |   2838556 |       868 |     0.03
 public     | donut_rawrequest                              | 1375 MB    | 107 MB     | 29 MB        |    120224 |         0 |     0.00
 public     | nanny_jobapplication                          | 1321 MB    | 71 MB      | 52 MB        |    263556 |       233 |     0.09
 public     | bureau_paymentattempt                         | 1255 MB    | 618 MB     | 636 MB       |   4866033 |       467 |     0.01
 public     | bureau_donationadditionalsignature            | 1075 MB    | 11 MB      | 11 MB        |    158850 |        12 |     0.01
 public     | bureau_recordimporthistory                    | 1016 MB    | 838 MB     | 177 MB       |   1957103 |      3059 |     0.16
 public     | donut_odometercount                           | 937 MB     | 272 MB     | 665 MB       |   3202070 |       132 |     0.00
 public     | raisenow_epmswebhook                          | 699 MB     | 152 MB     | 293 MB       |    600665 |      1123 |     0.19
 public     | bureau_sms                                    | 678 MB     | 432 MB     | 246 MB       |   1787877 |      3744 |     0.21
 public     | bureau_donation_form_additional_radio_buttons | 627 MB     | 184 MB     | 443 MB       |   4224847 |        72 |     0.00
 public     | oauth2_provider_accesstoken                   | 594 MB     | 27 MB      | 566 MB       |     13375 |        90 |     0.67
 public     | oauth2_provider_refreshtoken                  | 588 MB     | 127 MB     | 461 MB       |     30619 |      1134 |     3.57
 public     | bureau_donation_form_additional_checkboxes    | 557 MB     | 164 MB     | 393 MB       |   3855468 |       744 |     0.02
 public     | django_admin_log                              | 484 MB     | 215 MB     | 269 MB       |   1126608 |         0 |     0.00
 public     | django_session                                | 428 MB     | 2616 kB    | 425 MB       |      6634 |       170 |     2.50
 public     | nanny_fundraiserworkshift                     | 422 MB     | 129 MB     | 293 MB       |   1538680 |       422 |     0.03
 public     | bureau_campaign_translation                   | 376 MB     | 88 MB      | 6904 kB      |      1644 |       172 |     9.47
 public     | importer_importfileerror                      | 347 MB     | 252 MB     | 94 MB        |   2537705 |       427 |     0.02
 public     | bureau_donationadditionaltextfield            | 320 MB     | 97 MB      | 223 MB       |   2085347 |       787 |     0.04
 public     | nanny_donationcampaignfundraiserworkshift     | 270 MB     | 112 MB     | 158 MB       |   1626430 |       100 |     0.01
 public     | api_webhook                                   | 236 MB     | 110 MB     | 37 MB        |    190577 |        16 |     0.01
 public     | bureau_unfinisheddonationadditionalsignature  | 229 MB     | 4552 kB    | 8600 kB      |     62874 |       229 |     0.36
 public     | thumbnail_kvstore                             | 222 MB     | 110 MB     | 112 MB       |    537848 |        43 |     0.01
(30 rows)

-- 6.2. Tables needing VACUUM
\echo '-- 6.2. Tables needing VACUUM'
-- 6.2. Tables needing VACUUM
SELECT
    schemaname,
    relname AS table_name,
    n_live_tup,
    n_dead_tup,
    ROUND(100.0 * n_dead_tup / NULLIF(n_live_tup + n_dead_tup, 0), 2) AS dead_pct,
    last_vacuum,
    last_autovacuum,
    last_analyze,
    last_autoanalyze
FROM pg_stat_user_tables
WHERE n_dead_tup > 1000
    OR n_dead_tup > n_live_tup * 0.1
ORDER BY n_dead_tup DESC
LIMIT 20;
 schemaname |                       table_name                        | n_live_tup | n_dead_tup | dead_pct |          last_vacuum          |        last_autovacuum        |         last_analyze          |       last_autoanalyze        
------------+---------------------------------------------------------+------------+------------+----------+-------------------------------+-------------------------------+-------------------------------+-------------------------------
 public     | nanny_team_locations                                    |    7992471 |      19624 |     0.24 | 2026-01-28 06:00:45.377957+00 | 2025-11-25 09:39:50.40859+00  | 2026-01-28 06:00:45.646432+00 | 2025-11-25 09:39:45.964429+00
 public     | reversion_revision                                      |   31597631 |       7953 |     0.03 | 2026-01-28 06:00:57.833492+00 |                               | 2026-01-28 06:00:58.704202+00 | 2025-11-25 16:18:56.207288+00
 public     | bureau_recordexporthistory                              |   19432973 |       4087 |     0.02 | 2026-01-28 06:00:44.916693+00 | 2025-11-25 20:06:34.45234+00  | 2026-01-28 06:00:45.278436+00 | 2025-11-25 20:06:29.810262+00
 public     | bureau_sms                                              |    1787877 |       3744 |     0.21 | 2026-01-28 06:00:20.298421+00 |                               | 2026-01-28 06:00:21.90472+00  | 
 public     | bureau_donation                                         |    2588267 |       3532 |     0.14 | 2026-01-28 06:00:53.834855+00 | 2025-11-25 18:32:22.82451+00  | 2026-01-28 06:00:57.073153+00 | 2025-11-25 18:32:15.24793+00
 public     | bureau_unfinisheddonation_form_additional_radio_buttons |     347851 |       3112 |     0.89 | 2026-01-28 06:00:04.094648+00 |                               | 2026-01-28 06:00:04.15085+00  | 
 public     | bureau_recordimporthistory                              |    1957103 |       3059 |     0.16 | 2026-01-28 06:00:43.306297+00 | 2025-11-25 14:36:06.054715+00 | 2026-01-28 06:00:44.013711+00 | 2025-11-25 14:36:01.439996+00
 public     | bureau_unfinisheddonation_form_additional_checkboxes    |     287564 |       2285 |     0.79 | 2026-01-28 06:00:04.189245+00 |                               | 2026-01-28 06:00:04.241766+00 | 
 public     | donut_webrequest                                        |     324691 |       1899 |     0.58 | 2026-01-28 06:00:46.97198+00  | 2025-11-25 17:27:07.580357+00 | 2026-01-28 06:00:49.651994+00 | 2026-01-25 04:00:40.806603+00
 public     | tracking_event                                          |   11183434 |       1174 |     0.01 | 2026-01-28 06:00:35.447771+00 |                               | 2026-01-28 06:00:36.38028+00  | 
 public     | oauth2_provider_refreshtoken                            |      30619 |       1134 |     3.57 | 2026-01-28 06:00:59.395872+00 | 2026-01-16 13:54:03.349173+00 | 2026-01-28 06:00:59.749168+00 | 2026-01-28 10:56:47.950132+00
 public     | raisenow_epmswebhook                                    |     600665 |       1123 |     0.19 | 2026-01-28 06:00:38.382523+00 | 2025-11-18 20:16:24.105687+00 | 2026-01-28 06:00:38.996767+00 | 2025-11-19 01:11:30.971544+00
 public     | bureau_campaign_translation                             |       1644 |        172 |     9.47 | 2026-01-28 06:00:04.528182+00 | 2025-12-18 06:00:13.108903+00 | 2026-01-28 06:00:07.012181+00 | 
 public     | bureau_donationformwording                              |        956 |        139 |    12.69 | 2026-01-28 06:00:09.247851+00 | 2026-01-28 12:55:30.258661+00 | 2026-01-28 06:00:09.249869+00 | 2026-01-28 13:17:36.939906+00
 public     | django_celery_beat_periodictasks                        |          1 |         18 |    94.74 | 2026-01-28 06:00:18.830785+00 | 2026-01-28 11:42:42.736976+00 | 2026-01-28 06:00:18.832329+00 | 2026-01-28 11:42:42.739223+00
 public     | axes_accessattempt                                      |          9 |          3 |    25.00 | 2026-01-28 06:00:03.295055+00 | 2026-01-28 12:57:55.479656+00 | 2026-01-28 06:00:03.301005+00 | 2026-01-28 12:36:58.601762+00
(16 rows)

-- 6.3. Tables without recent ANALYZE
\echo '-- 6.3. Tables without recent ANALYZE'
-- 6.3. Tables without recent ANALYZE
SELECT
    schemaname,
    relname AS table_name,
    n_live_tup,
    last_analyze,
    last_autoanalyze,
    GREATEST(last_analyze, last_autoanalyze) AS last_any_analyze
FROM pg_stat_user_tables
WHERE n_live_tup > 1000
    AND (last_analyze IS NULL OR last_analyze < now() - INTERVAL '7 days')
    AND (last_autoanalyze IS NULL OR last_autoanalyze < now() - INTERVAL '7 days')
ORDER BY n_live_tup DESC
LIMIT 20;
 schemaname | table_name | n_live_tup | last_analyze | last_autoanalyze | last_any_analyze 
------------+------------+------------+--------------+------------------+------------------
(0 rows)

\echo '============================================================================'
============================================================================
\echo 'PART 7: DATABASE STATISTICS'
PART 7: DATABASE STATISTICS
\echo '============================================================================'
============================================================================
-- 7.1. Database statistics
\echo '-- 7.1. Database statistics'
-- 7.1. Database statistics
SELECT
    datname,
    numbackends AS connections,
    xact_commit AS commits,
    xact_rollback AS rollbacks,
    blks_read,
    blks_hit,
    ROUND(100.0 * blks_hit / NULLIF(blks_hit + blks_read, 0), 2) AS cache_hit_ratio,
    tup_returned,
    tup_fetched,
    tup_inserted,
    tup_updated,
    tup_deleted,
    conflicts,
    deadlocks
FROM pg_stat_database
WHERE datname = current_database();
  datname   | connections |  commits  | rollbacks | blks_read |   blks_hit   | cache_hit_ratio | tup_returned  | tup_fetched  | tup_inserted | tup_updated | tup_deleted | conflicts | deadlocks 
------------+-------------+-----------+-----------+-----------+--------------+-----------------+---------------+--------------+--------------+-------------+-------------+-----------+-----------
 formunauts |          12 | 616746681 |     88091 | 590801392 | 184588092975 |           99.68 | 2373806941507 | 383498881374 |     26409770 |    46188498 |    20131110 |         0 |        34
(1 row)

-- 7.2. Database size
\echo '-- 7.2. Database size'
-- 7.2. Database size
SELECT
    datname,
    pg_size_pretty(pg_database_size(datname)) AS size
FROM pg_database
WHERE datname = current_database();
  datname   | size  
------------+-------
 formunauts | 54 GB
(1 row)

\echo '============================================================================'
============================================================================
\echo 'PART 8: REPLICATION STATUS'
PART 8: REPLICATION STATUS
\echo '============================================================================'
============================================================================
-- 8.1. Replication slots
\echo '-- 8.1. Replication slots'
-- 8.1. Replication slots
SELECT
    slot_name,
    plugin,
    slot_type,
    active,
    restart_lsn,
    confirmed_flush_lsn
FROM pg_replication_slots;
 slot_name | plugin | slot_type | active | restart_lsn | confirmed_flush_lsn 
-----------+--------+-----------+--------+-------------+---------------------
(0 rows)

-- 8.2. Replication lag
\echo '-- 8.2. Replication lag'
-- 8.2. Replication lag
SELECT
    client_addr,
    state,
    sent_lsn,
    write_lsn,
    flush_lsn,
    replay_lsn,
    pg_wal_lsn_diff(sent_lsn, replay_lsn) AS lag_bytes
FROM pg_stat_replication;
 client_addr | state | sent_lsn | write_lsn | flush_lsn | replay_lsn | lag_bytes 
-------------+-------+----------+-----------+-----------+------------+-----------
(0 rows)

\echo '============================================================================'
============================================================================
\echo 'PART 9: CONFIGURATION CHECK'
PART 9: CONFIGURATION CHECK
\echo '============================================================================'
============================================================================
-- 9.1. Key performance settings
\echo '-- 9.1. Key performance settings'
-- 9.1. Key performance settings
SELECT name, setting, unit, context, short_desc
FROM pg_settings
WHERE name IN (
    'shared_buffers',
    'effective_cache_size',
    'work_mem',
    'maintenance_work_mem',
    'max_connections',
    'checkpoint_completion_target',
    'wal_buffers',
    'random_page_cost',
    'effective_io_concurrency',
    'max_worker_processes',
    'max_parallel_workers_per_gather',
    'max_parallel_workers',
    'max_parallel_maintenance_workers',
    'log_min_duration_statement',
    'autovacuum',
    'autovacuum_max_workers',
    'autovacuum_vacuum_scale_factor',
    'autovacuum_analyze_scale_factor'
)
ORDER BY name;
               name               | setting | unit |    context    |                                        short_desc                                         
----------------------------------+---------+------+---------------+-------------------------------------------------------------------------------------------
 autovacuum                       | on      |      | sighup        | Starts the autovacuum subprocess.
 autovacuum_analyze_scale_factor  | 0.05    |      | sighup        | Number of tuple inserts, updates, or deletes prior to analyze as a fraction of reltuples.
 autovacuum_max_workers           | 3       |      | postmaster    | Sets the maximum number of simultaneously running autovacuum worker processes.
 autovacuum_vacuum_scale_factor   | 0.1     |      | sighup        | Number of tuple updates or deletes prior to vacuum as a fraction of reltuples.
 checkpoint_completion_target     | 0.9     |      | sighup        | Time spent flushing dirty buffers during checkpoint, as fraction of checkpoint interval.
 effective_cache_size             | 2687582 | 8kB  | user          | Sets the planner's assumption about the total size of the data caches.
 effective_io_concurrency         | 1       |      | user          | Number of simultaneous requests that can be handled efficiently by the disk subsystem.
 log_min_duration_statement       | 1000    | ms   | rds_superuser | Sets the minimum execution time above which all statements will be logged.
 maintenance_work_mem             | 527360  | kB   | user          | Sets the maximum memory to be used for maintenance operations.
 max_connections                  | 3457    |      | postmaster    | Sets the maximum number of concurrent connections.
 max_parallel_maintenance_workers | 2       |      | user          | Sets the maximum number of parallel processes per maintenance operation.
 max_parallel_workers             | 8       |      | user          | Sets the maximum number of parallel workers that can be active at one time.
 max_parallel_workers_per_gather  | 2       |      | user          | Sets the maximum number of parallel processes per executor node.
 max_worker_processes             | 8       |      | postmaster    | Maximum number of concurrent worker processes.
 random_page_cost                 | 4       |      | user          | Sets the planner's estimate of the cost of a nonsequentially fetched disk page.
 shared_buffers                   | 2687582 | 8kB  | postmaster    | Sets the number of shared memory buffers used by the server.
 wal_buffers                      | -1      | 8kB  | postmaster    | Sets the number of disk-page buffers in shared memory for WAL.
 work_mem                         | 8192    | kB   | user          | Sets the maximum memory to be used for query workspaces.
(18 rows)

\echo '============================================================================'
============================================================================
\echo 'PART 10: HEALTH CHECK SUMMARY'
PART 10: HEALTH CHECK SUMMARY
\echo '============================================================================'
============================================================================
SELECT
    'Total Connections' AS metric,
    COUNT(*)::text AS value
FROM pg_stat_activity
WHERE pid != pg_backend_pid()
UNION ALL
SELECT
    'Active Queries',
    COUNT(*)::text
FROM pg_stat_activity
WHERE state = 'active' AND pid != pg_backend_pid()
UNION ALL
SELECT
    'Long Running (>5min)',
    COUNT(*)::text
FROM pg_stat_activity
WHERE state = 'active'
    AND query_start < now() - INTERVAL '5 minutes'
    AND pid != pg_backend_pid()
UNION ALL
SELECT
    'Idle in Transaction',
    COUNT(*)::text
FROM pg_stat_activity
WHERE state LIKE '%transaction%'
UNION ALL
SELECT
    'Active Locks',
    COUNT(*)::text
FROM pg_locks
WHERE NOT granted
UNION ALL
SELECT
    'Tables Needing VACUUM',
    COUNT(*)::text
FROM pg_stat_user_tables
WHERE n_dead_tup > n_live_tup * 0.1
UNION ALL
SELECT
    'Unused Indexes',
    COUNT(*)::text
FROM pg_stat_user_indexes
WHERE idx_scan = 0
    AND indexrelid NOT IN (SELECT indexrelid FROM pg_index WHERE indisprimary OR indisunique)
UNION ALL
SELECT
    'Cache Hit Ratio',
    ROUND((100.0 * SUM(blks_hit) / NULLIF(SUM(blks_hit) + SUM(blks_read), 0))::numeric, 2)::text || '%'
FROM pg_stat_database;
        metric         | value  
-----------------------+--------
 Total Connections     | 25
 Active Queries        | 3
 Long Running (>5min)  | 0
 Idle in Transaction   | 0
 Active Locks          | 0
 Tables Needing VACUUM | 4
 Unused Indexes        | 380
 Cache Hit Ratio       | 99.68%
(8 rows)

\echo '============================================================================'
============================================================================
\echo 'END OF FORMUNAUTS MONITORING SCRIPT'
END OF FORMUNAUTS MONITORING SCRIPT
\echo '============================================================================'
============================================================================
